Archive member included to satisfy reference by file (symbol)

../FreeRTOS//libFreeRTOS.a(heap.o)
                              build/obj/appshell.o (symbol from plugin) (pvPortMalloc)
../FreeRTOS//libFreeRTOS.a(queue.o)
                              build/obj/hal_i2c.o (symbol from plugin) (xQueueGenericSend)
../FreeRTOS//libFreeRTOS.a(list.o)
                              queue.o (symbol from plugin) (vListInitialise)
../FreeRTOS//libFreeRTOS.a(osal_ch.o)
                              build/obj/hal_buffers.o (symbol from plugin) (osalThreadDequeueAllI)
../FreeRTOS//libFreeRTOS.a(tasks.o)
                              build/obj/appshell.o (symbol from plugin) (xTaskCreate)
../FreeRTOS//libFreeRTOS.a(port.o)
                              tasks.o (symbol from plugin) (pxPortInitialiseStack)
../FreeRTOS//libFreeRTOS.a(misc.o)
                              tasks.o (symbol from plugin) (vApplicationGetIdleTaskMemory)
../StaticData//libStaticData.a(data_license.o)
                              build/obj/appshell.o (symbol from plugin) (_binary_data_license_bin_start)
/home/matt/gcc-arm-none-eabi-10-2020-q4-major/bin/../lib/gcc/arm-none-eabi/10.2.1/thumb/v7-m/nofp/libgcc.a(_aeabi_ldivmod.o)
                              /tmp/esense.elf.yPOSOi.ltrans0.ltrans.o (__aeabi_ldivmod)
/home/matt/gcc-arm-none-eabi-10-2020-q4-major/bin/../lib/gcc/arm-none-eabi/10.2.1/thumb/v7-m/nofp/libgcc.a(_aeabi_uldivmod.o)
                              /tmp/esense.elf.yPOSOi.ltrans0.ltrans.o (__aeabi_uldivmod)
/home/matt/gcc-arm-none-eabi-10-2020-q4-major/bin/../lib/gcc/arm-none-eabi/10.2.1/thumb/v7-m/nofp/libgcc.a(_udivmoddi4.o)
                              /home/matt/gcc-arm-none-eabi-10-2020-q4-major/bin/../lib/gcc/arm-none-eabi/10.2.1/thumb/v7-m/nofp/libgcc.a(_aeabi_ldivmod.o) (__udivmoddi4)
/home/matt/gcc-arm-none-eabi-10-2020-q4-major/bin/../lib/gcc/arm-none-eabi/10.2.1/thumb/v7-m/nofp/libgcc.a(_dvmd_tls.o)
                              /home/matt/gcc-arm-none-eabi-10-2020-q4-major/bin/../lib/gcc/arm-none-eabi/10.2.1/thumb/v7-m/nofp/libgcc.a(_aeabi_ldivmod.o) (__aeabi_ldiv0)
/home/matt/gcc-arm-none-eabi-10-2020-q4-major/bin/../lib/gcc/arm-none-eabi/10.2.1/../../../../arm-none-eabi/lib/thumb/v7-m/nofp/libg.a(lib_a-memcpy.o)
                              /tmp/esense.elf.yPOSOi.ltrans0.ltrans.o (memcpy)
/home/matt/gcc-arm-none-eabi-10-2020-q4-major/bin/../lib/gcc/arm-none-eabi/10.2.1/../../../../arm-none-eabi/lib/thumb/v7-m/nofp/libg.a(lib_a-memset.o)
                              /tmp/esense.elf.yPOSOi.ltrans0.ltrans.o (memset)
/home/matt/gcc-arm-none-eabi-10-2020-q4-major/bin/../lib/gcc/arm-none-eabi/10.2.1/../../../../arm-none-eabi/lib/thumb/v7-m/nofp/libg.a(lib_a-strchr.o)
                              /tmp/esense.elf.yPOSOi.ltrans0.ltrans.o (strchr)
/home/matt/gcc-arm-none-eabi-10-2020-q4-major/bin/../lib/gcc/arm-none-eabi/10.2.1/../../../../arm-none-eabi/lib/thumb/v7-m/nofp/libg.a(lib_a-strcmp.o)
                              /tmp/esense.elf.yPOSOi.ltrans0.ltrans.o (strcmp)
/home/matt/gcc-arm-none-eabi-10-2020-q4-major/bin/../lib/gcc/arm-none-eabi/10.2.1/../../../../arm-none-eabi/lib/thumb/v7-m/nofp/libg.a(lib_a-strlen-stub.o)
                              /tmp/esense.elf.yPOSOi.ltrans0.ltrans.o (strlen)
/home/matt/gcc-arm-none-eabi-10-2020-q4-major/bin/../lib/gcc/arm-none-eabi/10.2.1/../../../../arm-none-eabi/lib/thumb/v7-m/nofp/libg.a(lib_a-strpbrk.o)
                              /tmp/esense.elf.yPOSOi.ltrans0.ltrans.o (strpbrk)
/home/matt/gcc-arm-none-eabi-10-2020-q4-major/bin/../lib/gcc/arm-none-eabi/10.2.1/../../../../arm-none-eabi/lib/thumb/v7-m/nofp/libg.a(lib_a-strspn.o)
                              /tmp/esense.elf.yPOSOi.ltrans0.ltrans.o (strspn)

Discarded input sections

 .data          0x0000000000000000        0x0 build/obj/crt0_v7m.o
 .bss           0x0000000000000000        0x0 build/obj/crt0_v7m.o
 .text          0x0000000000000000        0x0 /tmp/esense.elf.yPOSOi.ltrans0.ltrans.o
 .data          0x0000000000000000        0x0 /tmp/esense.elf.yPOSOi.ltrans0.ltrans.o
 .bss           0x0000000000000000        0x0 /tmp/esense.elf.yPOSOi.ltrans0.ltrans.o
 .comment       0x0000000000000000       0x4e /tmp/ccOe2XFs.debug.temp.o
 .comment       0x0000000000000000       0x4e /tmp/ccaXVKWx.debug.temp.o
 .debug_info    0x0000000000000000       0x72 /tmp/ccK5zBdD.debug.temp.o
 .debug_abbrev  0x0000000000000000       0x26 /tmp/ccK5zBdD.debug.temp.o
 .debug_line    0x0000000000000000       0x1e /tmp/ccK5zBdD.debug.temp.o
 .debug_str     0x0000000000000000      0x1d4 /tmp/ccK5zBdD.debug.temp.o
 .comment       0x0000000000000000       0x4e /tmp/ccK5zBdD.debug.temp.o
 .comment       0x0000000000000000       0x4e /tmp/ccJOZvuI.debug.temp.o
 .debug_info    0x0000000000000000       0x79 /tmp/cco4VsLN.debug.temp.o
 .debug_abbrev  0x0000000000000000       0x26 /tmp/cco4VsLN.debug.temp.o
 .debug_line    0x0000000000000000       0x1e /tmp/cco4VsLN.debug.temp.o
[...]
Memory Configuration

Name             Origin             Length             Attributes
flash0           0x0000000008002000 0x000000000001e000
flash1           0x0000000000000000 0x0000000000000000
flash2           0x0000000000000000 0x0000000000000000
flash3           0x0000000000000000 0x0000000000000000
flash4           0x0000000000000000 0x0000000000000000
flash5           0x0000000000000000 0x0000000000000000
flash6           0x0000000000000000 0x0000000000000000
flash7           0x0000000000000000 0x0000000000000000
ram0             0x0000000020000000 0x0000000000005000
ram1             0x0000000000000000 0x0000000000000000
ram2             0x0000000000000000 0x0000000000000000
ram3             0x0000000000000000 0x0000000000000000
ram4             0x0000000000000000 0x0000000000000000
ram5             0x0000000000000000 0x0000000000000000
ram6             0x0000000000000000 0x0000000000000000
ram7             0x0000000000000000 0x0000000000000000
*default*        0x0000000000000000 0xffffffffffffffff

Linker script and memory map

LOAD build/obj/crt0_v7m.o
LOAD build/obj/crt1.o
LOAD /tmp/esense.elf.yPOSOi.ltrans0.ltrans.o
LOAD /tmp/ccOe2XFs.debug.temp.o
LOAD /tmp/ccaXVKWx.debug.temp.o
LOAD /tmp/ccK5zBdD.debug.temp.o
LOAD /tmp/ccJOZvuI.debug.temp.o
LOAD /tmp/cco4VsLN.debug.temp.o
LOAD /tmp/ccngxt2S.debug.temp.o
LOAD /tmp/ccuj0wjY.debug.temp.o
LOAD /tmp/cchjzDA3.debug.temp.o
LOAD /tmp/ccF3YMR8.debug.temp.o
LOAD /tmp/ccJNG08d.debug.temp.o
LOAD /tmp/ccuVHhqj.debug.temp.o
LOAD /tmp/ccPKoCHo.debug.temp.o
LOAD /tmp/cca9Y1Yt.debug.temp.o
LOAD /tmp/ccJYyCgz.debug.temp.o
LOAD /tmp/cc5AniyE.debug.temp.o
LOAD /tmp/ccLWa1PJ.debug.temp.o
LOAD /tmp/ccTe0M7O.debug.temp.o
LOAD /tmp/ccuLnDpU.debug.temp.o
LOAD /tmp/ccCvWyHZ.debug.temp.o
LOAD /tmp/ccc31xZ4.debug.temp.o
LOAD /tmp/cc1LKGha.debug.temp.o
LOAD /tmp/ccNmdTzf.debug.temp.o
LOAD /tmp/ccAd98Rk.debug.temp.o
LOAD /tmp/ccywVraq.debug.temp.o
LOAD /tmp/ccCADNsv.debug.temp.o
LOAD /tmp/ccS15bLA.debug.temp.o
LOAD /tmp/ccimaD3F.debug.temp.o
LOAD /tmp/ccna88lL.debug.temp.o
LOAD /tmp/cc8juIEQ.debug.temp.o
LOAD /tmp/ccsSUkXV.debug.temp.o
LOAD /tmp/ccP6b0f1.debug.temp.o
LOAD /tmp/ccfqhIy6.debug.temp.o
LOAD /tmp/ccuc6tRb.debug.temp.o
LOAD /tmp/ccjsxjah.debug.temp.o
LOAD /tmp/ccePodtm.debug.temp.o
LOAD /tmp/ccKlUbMr.debug.temp.o
LOAD /tmp/ccYH9c5w.debug.temp.o
LOAD /tmp/ccNIGhoC.debug.temp.o
LOAD /tmp/ccapopHH.debug.temp.o
LOAD /tmp/ccFa5z0M.debug.temp.o
LOAD /tmp/ccZu6NjS.debug.temp.o
LOAD /tmp/ccS0l5CX.debug.temp.o
LOAD /tmp/ccrlApW2.debug.temp.o
LOAD /tmp/ccChTMf8.debug.temp.o
LOAD /tmp/ccHTodzd.debug.temp.o
LOAD /tmp/ccqUgJSi.debug.temp.o
LOAD /tmp/ccqcuico.debug.temp.o
LOAD /tmp/ccezOUvt.debug.temp.o
LOAD /tmp/ccVonAPy.debug.temp.o
LOAD /tmp/ccfvgj9D.debug.temp.o
LOAD /tmp/cc4XJ7sJ.debug.temp.o
LOAD /tmp/ccI7fZMO.debug.temp.o
LOAD /tmp/ccqRUT6T.debug.temp.o
LOAD /tmp/ccWfDRqZ.debug.temp.o
LOAD /tmp/ccNMcSK4.debug.temp.o
LOAD /tmp/ccnYGV49.debug.temp.o
LOAD /tmp/ccL0Z1of.debug.temp.o
LOAD /tmp/cc6N3aJk.debug.temp.o
LOAD /tmp/cc9S6m3p.debug.temp.o
LOAD build/obj/vectors.o
LOAD build/obj/osal.o
LOAD build/obj/hal.o
LOAD build/obj/hal_st.o
LOAD build/obj/hal_buffers.o
LOAD build/obj/hal_queues.o
LOAD build/obj/hal_mmcsd.o
LOAD build/obj/hal_i2c.o
LOAD build/obj/hal_pal.o
LOAD build/obj/hal_serial.o
LOAD build/obj/hal_serial_usb.o
LOAD build/obj/hal_spi.o
LOAD build/obj/hal_usb.o
LOAD build/obj/hal_wdg.o
LOAD build/obj/nvic.o
LOAD build/obj/hal_lld.o
LOAD build/obj/stm32_dma.o
LOAD build/obj/hal_pal_lld.o
LOAD build/obj/hal_i2c_lld.o
LOAD build/obj/hal_spi_lld.o
LOAD build/obj/hal_st_lld.o
LOAD build/obj/hal_serial_lld.o
LOAD build/obj/hal_usb_lld.o
LOAD build/obj/hal_wdg_lld.o
LOAD build/obj/board.o
LOAD build/obj/chprintf.o
LOAD build/obj/memstreams.o
LOAD build/obj/nullstreams.o
LOAD build/obj/shell.o
LOAD build/obj/shell_cmd.o
LOAD build/obj/main.o
LOAD build/obj/max2870.o
LOAD build/obj/util.o
LOAD build/obj/appshell.o
LOAD build/obj/cmdtasks.o
LOAD build/obj/cmdmax.o
LOAD build/obj/tca6408a.o
LOAD build/obj/cmdsof.o
LOAD build/obj/system.o
LOAD build/obj/usb.o
LOAD build/obj/i2csafe.o
LOAD build/obj/cmdi2c.o
LOAD build/obj/mcp9804.o
LOAD build/obj/cmdtemp.o
LOAD build/obj/monitor.o
LOAD build/obj/cmdgpio.o
LOAD build/obj/cmdconvert.o
LOAD build/obj/packetqueue.o
LOAD build/obj/syslog.o
LOAD build/obj/gpio.o
LOAD build/obj/dummygpio.o
LOAD build/obj/cpugpio.o
LOAD build/obj/unhandled_exception.o
LOAD build/obj/converter.o
LOAD build/obj/converterBypass.o
LOAD build/obj/converterSW.o
LOAD build/obj/converterSHF.o
LOAD build/obj/cmdsanity.o

.mstack         0x0000000020000000      0x400
                0x0000000020000000                . = ALIGN (0x8)
                0x0000000020000000                __main_stack_base__ = .
                0x0000000020000400                . = (. + __main_stack_size__)
 *fill*         0x0000000020000000      0x400 
                0x0000000020000400                . = ALIGN (0x8)
                0x0000000020000400                __main_stack_end__ = .

.pstack         0x0000000020000400      0x400
                0x0000000020000400                __process_stack_base__ = .
                0x0000000020000400                __main_thread_stack_base__ = .
                0x0000000020000800                . = (. + __process_stack_size__)
 *fill*         0x0000000020000400      0x400 
                0x0000000020000800                . = ALIGN (0x8)
                0x0000000020000800                __process_stack_end__ = .
                0x0000000020000800                __main_thread_stack_end__ = .

.vectors        0x0000000008002000      0x160
 *(.vectors)
 .vectors       0x0000000008002000      0x160 /tmp/esense.elf.yPOSOi.ltrans0.ltrans.o
                0x0000000008002000                _vectors

.xtors          0x0000000008002160        0x0
                0x0000000008002160                __init_array_start = .
 *(SORT_BY_NAME(.init_array.*))
 *(.init_array)
                0x0000000008002160                __init_array_end = .
                0x0000000008002160                __fini_array_start = .
 *(.fini_array)
 *(SORT_BY_NAME(.fini_array.*))
                0x0000000008002160                __fini_array_end = .

.text           0x0000000008002160     0x9894
 *(.text)
 .text          0x0000000008002160       0xd4 build/obj/crt0_v7m.o
                0x0000000008002160                Reset_Handler
 .text          0x0000000008002234     0x1597 ../StaticData//libStaticData.a(data_license.o)
                0x0000000008002234                _binary_data_license_bin_start
                0x00000000080037cb                _binary_data_license_bin_end
 *fill*         0x00000000080037cb        0x1 
 .text          0x00000000080037cc       0x30 /home/matt/gcc-arm-none-eabi-10-2020-q4-major/bin/../lib/gcc/arm-none-eabi/10.2.1/thumb/v7-m/nofp/libgcc.a(_aeabi_uldivmod.o)
                0x00000000080037cc                __aeabi_uldivmod
 .text          0x00000000080037fc      0x2d4 /home/matt/gcc-arm-none-eabi-10-2020-q4-major/bin/../lib/gcc/arm-none-eabi/10.2.1/thumb/v7-m/nofp/libgcc.a(_udivmoddi4.o)
                0x00000000080037fc                __udivmoddi4
 .text          0x0000000008003ad0        0x4 /home/matt/gcc-arm-none-eabi-10-2020-q4-major/bin/../lib/gcc/arm-none-eabi/10.2.1/thumb/v7-m/nofp/libgcc.a(_dvmd_tls.o)
                0x0000000008003ad0                __aeabi_ldiv0
                0x0000000008003ad0                __aeabi_idiv0
 .text          0x0000000008003ad4       0xec /home/matt/gcc-arm-none-eabi-10-2020-q4-major/bin/../lib/gcc/arm-none-eabi/10.2.1/../../../../arm-none-eabi/lib/thumb/v7-m/nofp/libg.a(lib_a-memcpy.o)
                0x0000000008003ad4                memcpy
 .text          0x0000000008003bc0      0x1bc /home/matt/gcc-arm-none-eabi-10-2020-q4-major/bin/../lib/gcc/arm-none-eabi/10.2.1/../../../../arm-none-eabi/lib/thumb/v7-m/nofp/libg.a(lib_a-strcmp.o)
                0x0000000008003bc0                strcmp
 *(.text.*)
 .text.osalOsRescheduleS.part.0
                0x0000000008003d7c       0x44 /tmp/esense.elf.yPOSOi.ltrans0.ltrans.o
 .text.sduRequestsHook
                0x0000000008003dc0       0x40 /tmp/esense.elf.yPOSOi.ltrans0.ltrans.o
 .text.sduInterruptTransmitted
                0x0000000008003e00        0x2 /tmp/esense.elf.yPOSOi.ltrans0.ltrans.o
 *fill*         0x0000000008003e02        0x2 
 .text.set_address
                0x0000000008003e04       0x28 /tmp/esense.elf.yPOSOi.ltrans0.ltrans.o
 .text.Vector6C
                0x0000000008003e2c       0x3c /tmp/esense.elf.yPOSOi.ltrans0.ltrans.o
 .text.Vector70
                0x0000000008003e68       0x7c /tmp/esense.elf.yPOSOi.ltrans0.ltrans.o
 .text.Vector74
                0x0000000008003ee4       0x7c /tmp/esense.elf.yPOSOi.ltrans0.ltrans.o
 .text.Vector78
                0x0000000008003f60       0x7c /tmp/esense.elf.yPOSOi.ltrans0.ltrans.o
 .text.Vector7C
                0x0000000008003fdc       0x7c /tmp/esense.elf.yPOSOi.ltrans0.ltrans.o
 .text.Vector80
                0x0000000008004058       0x7c /tmp/esense.elf.yPOSOi.ltrans0.ltrans.o
 .text.Vector84
                0x00000000080040d4       0x7c /tmp/esense.elf.yPOSOi.ltrans0.ltrans.o
 .text.notify3  0x0000000008004150       0x10 /tmp/esense.elf.yPOSOi.ltrans0.ltrans.o
 .text.usb_packet_write_from_buffer
                0x0000000008004160       0x3c /tmp/esense.elf.yPOSOi.ltrans0.ltrans.o
 .text._put.lto_priv.2
                0x000000000800419c       0x1c /tmp/esense.elf.yPOSOi.ltrans0.ltrans.o
 .text._get.lto_priv.2
                0x00000000080041b8       0x1a /tmp/esense.elf.yPOSOi.ltrans0.ltrans.o
 .text.strToInt
                0x00000000080041d2       0x5e /tmp/esense.elf.yPOSOi.ltrans0.ltrans.o
 .text.NVIC_SystemReset.lto_priv.0
                0x0000000008004230       0x24 /tmp/esense.elf.yPOSOi.ltrans0.ltrans.o
 .text.shellCommandRegister
                0x0000000008004254       0x28 /tmp/esense.elf.yPOSOi.ltrans0.ltrans.o
 .text.get_descriptor
                0x000000000800427c       0xd4 /tmp/esense.elf.yPOSOi.ltrans0.ltrans.o
 .text.i2cSafeResultToString
                0x0000000008004350       0x68 /tmp/esense.elf.yPOSOi.ltrans0.ltrans.o
 .text.gpioGetPortDriver
                0x00000000080043b8       0x1c /tmp/esense.elf.yPOSOi.ltrans0.ltrans.o
 .text.gpioGetPin
                0x00000000080043d4       0x24 /tmp/esense.elf.yPOSOi.ltrans0.ltrans.o
 .text.gpioPortIoDisable
                0x00000000080043f8       0x14 /tmp/esense.elf.yPOSOi.ltrans0.ltrans.o
 .text.gpioCPUSetPinMode
                0x000000000800440c       0x70 /tmp/esense.elf.yPOSOi.ltrans0.ltrans.o
 .text.gpioCPUSetValue
                0x000000000800447c       0x12 /tmp/esense.elf.yPOSOi.ltrans0.ltrans.o
 .text.gpioCPUGetValue
                0x000000000800448e        0xa /tmp/esense.elf.yPOSOi.ltrans0.ltrans.o
 .text.gpioCPUInit
                0x0000000008004498       0x3c /tmp/esense.elf.yPOSOi.ltrans0.ltrans.o
 .text.converterTune
                0x00000000080044d4       0x88 /tmp/esense.elf.yPOSOi.ltrans0.ltrans.o
 .text.converterTuneBypass
                0x000000000800455c       0x16 /tmp/esense.elf.yPOSOi.ltrans0.ltrans.o
 .text.converterTuneSW
                0x0000000008004572       0x20 /tmp/esense.elf.yPOSOi.ltrans0.ltrans.o
 .text.converterLeaveSW
                0x0000000008004592        0xc /tmp/esense.elf.yPOSOi.ltrans0.ltrans.o
 .text.converterTuneSHF
                0x000000000800459e       0x60 /tmp/esense.elf.yPOSOi.ltrans0.ltrans.o
 .text.converterLeaveSHF
                0x00000000080045fe       0x1c /tmp/esense.elf.yPOSOi.ltrans0.ltrans.o
 *fill*         0x000000000800461a        0x2 
 .text.prvInsertBlockIntoFreeList
                0x000000000800461c       0x48 /tmp/esense.elf.yPOSOi.ltrans0.ltrans.o
 .text.vListInsertEnd
                0x0000000008004664       0x18 /tmp/esense.elf.yPOSOi.ltrans0.ltrans.o
 .text.vListInsert
                0x000000000800467c       0x2e /tmp/esense.elf.yPOSOi.ltrans0.ltrans.o
 .text.uxListRemove
                0x00000000080046aa       0x20 /tmp/esense.elf.yPOSOi.ltrans0.ltrans.o
 *fill*         0x00000000080046ca        0x2 
 .text.vTaskSuspendAll
                0x00000000080046cc       0x10 /tmp/esense.elf.yPOSOi.ltrans0.ltrans.o
 .text.prvGetExpectedIdleTime
                0x00000000080046dc       0x3c /tmp/esense.elf.yPOSOi.ltrans0.ltrans.o
 .text.prvResetNextTaskUnblockTime
                0x0000000008004718       0x24 /tmp/esense.elf.yPOSOi.ltrans0.ltrans.o
 .text.xTaskIncrementTick
                0x000000000800473c      0x114 /tmp/esense.elf.yPOSOi.ltrans0.ltrans.o
 .text.xTaskRemoveFromEventList
                0x0000000008004850       0x78 /tmp/esense.elf.yPOSOi.ltrans0.ltrans.o
 .text.prvAddCurrentTaskToDelayedList
                0x00000000080048c8       0x88 /tmp/esense.elf.yPOSOi.ltrans0.ltrans.o
 .text.vPortSVCHandler
                0x0000000008004950       0x34 /tmp/esense.elf.yPOSOi.ltrans0.ltrans.o
                0x0000000008004950                vPortSVCHandler
 .text.prvPortStartFirstTask
                0x0000000008004984       0x20 /tmp/esense.elf.yPOSOi.ltrans0.ltrans.o
 .text.vPortEnterCritical
                0x00000000080049a4       0x20 /tmp/esense.elf.yPOSOi.ltrans0.ltrans.o
 .text.vTaskEndScheduler
                0x00000000080049c4       0x18 /tmp/esense.elf.yPOSOi.ltrans0.ltrans.o
 .text.ibqReleaseEmptyBufferS
                0x00000000080049dc       0x4c /tmp/esense.elf.yPOSOi.ltrans0.ltrans.o
 .text.obqGetFullBufferI
                0x0000000008004a28       0x28 /tmp/esense.elf.yPOSOi.ltrans0.ltrans.o
 .text.obqPostFullBufferS
                0x0000000008004a50       0x5e /tmp/esense.elf.yPOSOi.ltrans0.ltrans.o
 *fill*         0x0000000008004aae        0x2 
 .text.osalOsRescheduleS.lto_priv.1
                0x0000000008004ab0       0x30 /tmp/esense.elf.yPOSOi.ltrans0.ltrans.o
 .text.usbStartReceiveI
                0x0000000008004ae0       0x78 /tmp/esense.elf.yPOSOi.ltrans0.ltrans.o
 .text.usbStartTransmitI
                0x0000000008004b58       0x78 /tmp/esense.elf.yPOSOi.ltrans0.ltrans.o
 .text.obnotify
                0x0000000008004bd0       0x42 /tmp/esense.elf.yPOSOi.ltrans0.ltrans.o
 *fill*         0x0000000008004c12        0x2 
 .text.dmaStreamRelease
                0x0000000008004c14       0x74 /tmp/esense.elf.yPOSOi.ltrans0.ltrans.o
 .text.i2c_lld_serve_tx_end_irq
                0x0000000008004c88       0x2e /tmp/esense.elf.yPOSOi.ltrans0.ltrans.o
 .text.spi_lld_serve_tx_interrupt
                0x0000000008004cb6        0xe /tmp/esense.elf.yPOSOi.ltrans0.ltrans.o
 .text.usb_lld_init_endpoint
                0x0000000008004cc4       0xf8 /tmp/esense.elf.yPOSOi.ltrans0.ltrans.o
 .text.prvTaskExitError
                0x0000000008004dbc       0x18 /tmp/esense.elf.yPOSOi.ltrans0.ltrans.o
 .text.vPortExitCritical
                0x0000000008004dd4       0x18 /tmp/esense.elf.yPOSOi.ltrans0.ltrans.o
 .text.osalSysUnlock.lto_priv.0
                0x0000000008004dec       0x70 /tmp/esense.elf.yPOSOi.ltrans0.ltrans.o
 .text.monitorKick
                0x0000000008004e5c       0xc4 /tmp/esense.elf.yPOSOi.ltrans0.ltrans.o
 .text.prvUnlockQueue
                0x0000000008004f20       0x84 /tmp/esense.elf.yPOSOi.ltrans0.ltrans.o
 .text.prvAddNewTaskToReadyList
                0x0000000008004fa4      0x168 /tmp/esense.elf.yPOSOi.ltrans0.ltrans.o
 .text.xTaskResumeAll
                0x000000000800510c      0x108 /tmp/esense.elf.yPOSOi.ltrans0.ltrans.o
 .text.pvPortMalloc
                0x0000000008005214      0x100 /tmp/esense.elf.yPOSOi.ltrans0.ltrans.o
 .text.vPortFree
                0x0000000008005314       0x4c /tmp/esense.elf.yPOSOi.ltrans0.ltrans.o
 .text.prvDeleteTCB
                0x0000000008005360       0x26 /tmp/esense.elf.yPOSOi.ltrans0.ltrans.o
 *fill*         0x0000000008005386        0x2 
 .text.vTaskDelay
                0x0000000008005388       0x68 /tmp/esense.elf.yPOSOi.ltrans0.ltrans.o
 .text.xTaskCheckForTimeOut
                0x00000000080053f0       0x50 /tmp/esense.elf.yPOSOi.ltrans0.ltrans.o
 .text.xQueueSemaphoreTake
                0x0000000008005440      0x2f8 /tmp/esense.elf.yPOSOi.ltrans0.ltrans.o
 .text.i2cAcquireBus
                0x0000000008005738       0x18 /tmp/esense.elf.yPOSOi.ltrans0.ltrans.o
 .text.prvListTasksWithinSingleList
                0x0000000008005750       0xc4 /tmp/esense.elf.yPOSOi.ltrans0.ltrans.o
 .text.ulPortEnterCriticalFromISR
                0x0000000008005814       0x24 /tmp/esense.elf.yPOSOi.ltrans0.ltrans.o
 .text.osalSysLockFromISR.lto_priv.0
                0x0000000008005838       0x10 /tmp/esense.elf.yPOSOi.ltrans0.ltrans.o
 .text.vPortExitCriticalFromISR
                0x0000000008005848       0x18 /tmp/esense.elf.yPOSOi.ltrans0.ltrans.o
 .text.osalSysUnlockFromISR.lto_priv.0
                0x0000000008005860        0xc /tmp/esense.elf.yPOSOi.ltrans0.ltrans.o
 .text.sof_handler
                0x000000000800586c       0xb4 /tmp/esense.elf.yPOSOi.ltrans0.ltrans.o
 .text._usb_ep0setup
                0x0000000008005920      0x384 /tmp/esense.elf.yPOSOi.ltrans0.ltrans.o
 .text._usb_ep0in
                0x0000000008005ca4       0xbc /tmp/esense.elf.yPOSOi.ltrans0.ltrans.o
 .text._usb_ep0out
                0x0000000008005d60       0x98 /tmp/esense.elf.yPOSOi.ltrans0.ltrans.o
 .text.sofNeededCallback
                0x0000000008005df8       0x40 /tmp/esense.elf.yPOSOi.ltrans0.ltrans.o
 .text.gpioCPUGetPinMode
                0x0000000008005e38       0x3c /tmp/esense.elf.yPOSOi.ltrans0.ltrans.o
 *fill*         0x0000000008005e74        0xc 
 .text.xPortPendSVHandler
                0x0000000008005e80       0x70 /tmp/esense.elf.yPOSOi.ltrans0.ltrans.o
                0x0000000008005e80                xPortPendSVHandler
 .text.xPortSysTickHandler
                0x0000000008005ef0       0x2c /tmp/esense.elf.yPOSOi.ltrans0.ltrans.o
                0x0000000008005ef0                xPortSysTickHandler
 .text.vPortValidateInterruptPriority
                0x0000000008005f1c       0x3c /tmp/esense.elf.yPOSOi.ltrans0.ltrans.o
 .text.vPortBusyDelay
                0x0000000008005f58        0xe /tmp/esense.elf.yPOSOi.ltrans0.ltrans.o
 *fill*         0x0000000008005f66        0x2 
 .text.packetQueueReadByte.constprop.0
                0x0000000008005f68       0x1c /tmp/esense.elf.yPOSOi.ltrans0.ltrans.o
 .text.packetQueueWriteByte.constprop.0
                0x0000000008005f84       0x5c /tmp/esense.elf.yPOSOi.ltrans0.ltrans.o
 .text.packetQueuePutBytes.constprop.0
                0x0000000008005fe0       0x24 /tmp/esense.elf.yPOSOi.ltrans0.ltrans.o
 .text.syslogWrite
                0x0000000008006004       0x10 /tmp/esense.elf.yPOSOi.ltrans0.ltrans.o
 .text.syslogPut
                0x0000000008006014       0x18 /tmp/esense.elf.yPOSOi.ltrans0.ltrans.o
 .text.packetQueueEndWritePacket.constprop.0
                0x000000000800602c       0x54 /tmp/esense.elf.yPOSOi.ltrans0.ltrans.o
 .text.vTaskDelete.constprop.0
                0x0000000008006080       0xec /tmp/esense.elf.yPOSOi.ltrans0.ltrans.o
 .text.runInThreadBody
                0x000000000800616c        0xc /tmp/esense.elf.yPOSOi.ltrans0.ltrans.o
 .text._usb_reset.constprop.0
                0x0000000008006178       0x6c /tmp/esense.elf.yPOSOi.ltrans0.ltrans.o
 .text.Vector90
                0x00000000080061e4      0x268 /tmp/esense.elf.yPOSOi.ltrans0.ltrans.o
 .text.dmaStreamAllocate.constprop.0
                0x000000000800644c       0x98 /tmp/esense.elf.yPOSOi.ltrans0.ltrans.o
 .text.xTaskNotifyWait.constprop.0
                0x00000000080064e4       0xac /tmp/esense.elf.yPOSOi.ltrans0.ltrans.o
 .text.taskPeriodicMon
                0x0000000008006590       0x3c /tmp/esense.elf.yPOSOi.ltrans0.ltrans.o
 .text.osalThreadSuspendTimeoutS
                0x00000000080065cc       0x54 /tmp/esense.elf.yPOSOi.ltrans0.ltrans.o
 .text.spiReceive.part.0
                0x0000000008006620       0x6c /tmp/esense.elf.yPOSOi.ltrans0.ltrans.o
 .text.osalThreadEnqueueTimeoutS
                0x000000000800668c       0x94 /tmp/esense.elf.yPOSOi.ltrans0.ltrans.o
 .text.ibqGetFullBufferTimeoutS
                0x0000000008006720       0x54 /tmp/esense.elf.yPOSOi.ltrans0.ltrans.o
 .text.ibqGetTimeout
                0x0000000008006774       0x36 /tmp/esense.elf.yPOSOi.ltrans0.ltrans.o
 .text._get.lto_priv.1
                0x00000000080067aa        0xa /tmp/esense.elf.yPOSOi.ltrans0.ltrans.o
 .text._gett.lto_priv.1
                0x00000000080067b4        0x6 /tmp/esense.elf.yPOSOi.ltrans0.ltrans.o
 .text.obqGetEmptyBufferTimeoutS
                0x00000000080067ba       0x54 /tmp/esense.elf.yPOSOi.ltrans0.ltrans.o
 .text.obqPutTimeout
                0x000000000800680e       0x40 /tmp/esense.elf.yPOSOi.ltrans0.ltrans.o
 .text._put.lto_priv.1
                0x000000000800684e       0x26 /tmp/esense.elf.yPOSOi.ltrans0.ltrans.o
 .text._putt.lto_priv.1
                0x0000000008006874       0x26 /tmp/esense.elf.yPOSOi.ltrans0.ltrans.o
 .text.iqGetTimeout
                0x000000000800689a       0x48 /tmp/esense.elf.yPOSOi.ltrans0.ltrans.o
 .text._get.lto_priv.0
                0x00000000080068e2        0xa /tmp/esense.elf.yPOSOi.ltrans0.ltrans.o
 .text._gett.lto_priv.0
                0x00000000080068ec        0x6 /tmp/esense.elf.yPOSOi.ltrans0.ltrans.o
 *fill*         0x00000000080068f2        0x2 
 .text.iqReadTimeout
                0x00000000080068f4       0xa8 /tmp/esense.elf.yPOSOi.ltrans0.ltrans.o
 .text._read.lto_priv.0
                0x000000000800699c        0xa /tmp/esense.elf.yPOSOi.ltrans0.ltrans.o
 .text._readt.lto_priv.0
                0x00000000080069a6        0x6 /tmp/esense.elf.yPOSOi.ltrans0.ltrans.o
 .text.oqPutTimeout
                0x00000000080069ac       0x4c /tmp/esense.elf.yPOSOi.ltrans0.ltrans.o
 .text._put.lto_priv.0
                0x00000000080069f8        0xa /tmp/esense.elf.yPOSOi.ltrans0.ltrans.o
 .text._putt.lto_priv.0
                0x0000000008006a02        0x6 /tmp/esense.elf.yPOSOi.ltrans0.ltrans.o
 .text.oqWriteTimeout
                0x0000000008006a08       0xa8 /tmp/esense.elf.yPOSOi.ltrans0.ltrans.o
 .text._write.lto_priv.0
                0x0000000008006ab0        0xa /tmp/esense.elf.yPOSOi.ltrans0.ltrans.o
 .text._writet.lto_priv.0
                0x0000000008006aba        0x6 /tmp/esense.elf.yPOSOi.ltrans0.ltrans.o
 .text.long_to_string_with_divisor.constprop.0
                0x0000000008006ac0       0x3a /tmp/esense.elf.yPOSOi.ltrans0.ltrans.o
 *fill*         0x0000000008006afa        0x2 
 .text.chvprintf
                0x0000000008006afc      0x2cc /tmp/esense.elf.yPOSOi.ltrans0.ltrans.o
 .text.xTaskGenericNotifyFromISR.constprop.0.isra.0
                0x0000000008006dc8       0x90 /tmp/esense.elf.yPOSOi.ltrans0.ltrans.o
 .text.osalThreadResumeI.part.0.lto_priv.0
                0x0000000008006e58       0x12 /tmp/esense.elf.yPOSOi.ltrans0.ltrans.o
 .text.osalThreadDequeueI
                0x0000000008006e6a       0x32 /tmp/esense.elf.yPOSOi.ltrans0.ltrans.o
 .text.osalThreadDequeueNextI.constprop.0
                0x0000000008006e9c       0x20 /tmp/esense.elf.yPOSOi.ltrans0.ltrans.o
 .text.osalThreadDequeueAllI.constprop.0
                0x0000000008006ebc       0x28 /tmp/esense.elf.yPOSOi.ltrans0.ltrans.o
 .text.osalEventBroadcastFlagsI
                0x0000000008006ee4       0x6e /tmp/esense.elf.yPOSOi.ltrans0.ltrans.o
 .text.sduDataTransmitted
                0x0000000008006f52       0xb0 /tmp/esense.elf.yPOSOi.ltrans0.ltrans.o
 .text.osalThreadResumeI.lto_priv.0
                0x0000000008007002       0x16 /tmp/esense.elf.yPOSOi.ltrans0.ltrans.o
 .text.i2c_lld_serve_rx_end_irq
                0x0000000008007018       0x54 /tmp/esense.elf.yPOSOi.ltrans0.ltrans.o
 .text.VectorBC
                0x000000000800706c      0x14c /tmp/esense.elf.yPOSOi.ltrans0.ltrans.o
 .text.VectorC0
                0x00000000080071b8       0xe4 /tmp/esense.elf.yPOSOi.ltrans0.ltrans.o
 .text.spi_lld_serve_rx_interrupt
                0x000000000800729c       0x78 /tmp/esense.elf.yPOSOi.ltrans0.ltrans.o
 .text.gpioSetPinMode.isra.0
                0x0000000008007314       0x18 /tmp/esense.elf.yPOSOi.ltrans0.ltrans.o
 .text.systemEnableMCO
                0x000000000800732c       0x30 /tmp/esense.elf.yPOSOi.ltrans0.ltrans.o
 .text.i2cSafeRawHardwareControl
                0x000000000800735c      0x210 /tmp/esense.elf.yPOSOi.ltrans0.ltrans.o
 .text.gpioSetPin.isra.0
                0x000000000800756c       0x1e /tmp/esense.elf.yPOSOi.ltrans0.ltrans.o
 *fill*         0x000000000800758a        0x2 
 .text.converterSetGpio
                0x000000000800758c      0x120 /tmp/esense.elf.yPOSOi.ltrans0.ltrans.o
 .text.usbShellTerminated
                0x00000000080076ac       0x20 /tmp/esense.elf.yPOSOi.ltrans0.ltrans.o
 .text.mac2870LockCallback
                0x00000000080076cc       0x10 /tmp/esense.elf.yPOSOi.ltrans0.ltrans.o
 .text.i2cSafeClockGoHigh
                0x00000000080076dc       0x38 /tmp/esense.elf.yPOSOi.ltrans0.ltrans.o
 .text.i2cSafeClockGoLow
                0x0000000008007714       0x28 /tmp/esense.elf.yPOSOi.ltrans0.ltrans.o
 .text.i2cSafeDataGoHigh
                0x000000000800773c       0x28 /tmp/esense.elf.yPOSOi.ltrans0.ltrans.o
 .text.i2cSafeDataGoLow
                0x0000000008007764       0x28 /tmp/esense.elf.yPOSOi.ltrans0.ltrans.o
 .text.sdu_start_receive.isra.0
                0x000000000800778c       0x4c /tmp/esense.elf.yPOSOi.ltrans0.ltrans.o
 .text.ibnotify
                0x00000000080077d8        0x6 /tmp/esense.elf.yPOSOi.ltrans0.ltrans.o
 .text.sduDataReceived
                0x00000000080077de       0x8a /tmp/esense.elf.yPOSOi.ltrans0.ltrans.o
 .text.ibqReadTimeout.part.0
                0x0000000008007868       0xbc /tmp/esense.elf.yPOSOi.ltrans0.ltrans.o
 .text._read.lto_priv.1
                0x0000000008007924       0x18 /tmp/esense.elf.yPOSOi.ltrans0.ltrans.o
 .text._readt.lto_priv.1
                0x000000000800793c       0x14 /tmp/esense.elf.yPOSOi.ltrans0.ltrans.o
 .text.obqWriteTimeout.part.0
                0x0000000008007950       0xbc /tmp/esense.elf.yPOSOi.ltrans0.ltrans.o
 .text._writet.lto_priv.1
                0x0000000008007a0c       0x34 /tmp/esense.elf.yPOSOi.ltrans0.ltrans.o
 .text._write.lto_priv.1
                0x0000000008007a40       0x32 /tmp/esense.elf.yPOSOi.ltrans0.ltrans.o
 .text._writes  0x0000000008007a72       0x24 /tmp/esense.elf.yPOSOi.ltrans0.ltrans.o
 .text._reads   0x0000000008007a96       0x26 /tmp/esense.elf.yPOSOi.ltrans0.ltrans.o
 .text.usbInitEndpointI
                0x0000000008007abc       0x5a /tmp/esense.elf.yPOSOi.ltrans0.ltrans.o
 .text.get_history
                0x0000000008007b16       0xba /tmp/esense.elf.yPOSOi.ltrans0.ltrans.o
 .text.prvInitialiseNewTask.constprop.0
                0x0000000008007bd0       0x9c /tmp/esense.elf.yPOSOi.ltrans0.ltrans.o
 .text.xTaskCreate.isra.0
                0x0000000008007c6c       0x60 /tmp/esense.elf.yPOSOi.ltrans0.ltrans.o
 .text.shellStart.constprop.0
                0x0000000008007ccc       0x60 /tmp/esense.elf.yPOSOi.ltrans0.ltrans.o
 .text.VectorDC
                0x0000000008007d2c      0x1a0 /tmp/esense.elf.yPOSOi.ltrans0.ltrans.o
 .text.sanityRebootMonitorTask
                0x0000000008007ecc       0x68 /tmp/esense.elf.yPOSOi.ltrans0.ltrans.o
 .text.i2cSafeRawUnclogBus
                0x0000000008007f34      0x180 /tmp/esense.elf.yPOSOi.ltrans0.ltrans.o
 .text.max2870SpiState.constprop.0
                0x00000000080080b4       0xe8 /tmp/esense.elf.yPOSOi.ltrans0.ltrans.o
 .text.spiUnselect.constprop.0
                0x000000000800819c       0x2c /tmp/esense.elf.yPOSOi.ltrans0.ltrans.o
 .text.spiSelect.constprop.0
                0x00000000080081c8       0x2c /tmp/esense.elf.yPOSOi.ltrans0.ltrans.o
 .text.spiSend.part.0.constprop.0
                0x00000000080081f4       0x70 /tmp/esense.elf.yPOSOi.ltrans0.ltrans.o
 .text.max2870WriteRegister
                0x0000000008008264       0x54 /tmp/esense.elf.yPOSOi.ltrans0.ltrans.o
 .text.max2870SetMUXOut
                0x00000000080082b8       0x3c /tmp/esense.elf.yPOSOi.ltrans0.ltrans.o
 .text.max2870ReadRegister6
                0x00000000080082f4       0xa8 /tmp/esense.elf.yPOSOi.ltrans0.ltrans.o
 .text.max2870Disable
                0x000000000800839c       0x34 /tmp/esense.elf.yPOSOi.ltrans0.ltrans.o
 .text.max2870WriteAllRegisters.isra.0
                0x00000000080083d0       0x3e /tmp/esense.elf.yPOSOi.ltrans0.ltrans.o
 *fill*         0x000000000800840e        0x2 
 .text.xQueueGenericSend.constprop.0
                0x0000000008008410      0x22c /tmp/esense.elf.yPOSOi.ltrans0.ltrans.o
 .text.i2cReleaseBus
                0x000000000800863c       0x14 /tmp/esense.elf.yPOSOi.ltrans0.ltrans.o
 .text.max2870SpiState.part.0
                0x0000000008008650       0x2a /tmp/esense.elf.yPOSOi.ltrans0.ltrans.o
 .text.prvInitialiseMutex.part.0
                0x000000000800867a        0xc /tmp/esense.elf.yPOSOi.ltrans0.ltrans.o
 .text.xQueueGenericReset.constprop.0.isra.0
                0x0000000008008686       0x54 /tmp/esense.elf.yPOSOi.ltrans0.ltrans.o
 .text.chprintf
                0x00000000080086da       0x1a /tmp/esense.elf.yPOSOi.ltrans0.ltrans.o
 .text.cmd_exit
                0x00000000080086f4       0x34 /tmp/esense.elf.yPOSOi.ltrans0.ltrans.o
 .text.cmd_info
                0x0000000008008728       0xcc /tmp/esense.elf.yPOSOi.ltrans0.ltrans.o
 .text.cmd_echo
                0x00000000080087f4       0x20 /tmp/esense.elf.yPOSOi.ltrans0.ltrans.o
 .text.cmd_systime
                0x0000000008008814       0x30 /tmp/esense.elf.yPOSOi.ltrans0.ltrans.o
 .text.cmd_mem  0x0000000008008844       0x7c /tmp/esense.elf.yPOSOi.ltrans0.ltrans.o
 .text.cmdMco   0x00000000080088c0       0x38 /tmp/esense.elf.yPOSOi.ltrans0.ltrans.o
 .text.cmdLicense
                0x00000000080088f8       0x14 /tmp/esense.elf.yPOSOi.ltrans0.ltrans.o
 .text.cmdMaxUsage
                0x000000000800890c       0x5c /tmp/esense.elf.yPOSOi.ltrans0.ltrans.o
 .text.cmdI2CUsage
                0x0000000008008968       0x50 /tmp/esense.elf.yPOSOi.ltrans0.ltrans.o
 .text.cmdGPIOUsage
                0x00000000080089b8       0x68 /tmp/esense.elf.yPOSOi.ltrans0.ltrans.o
 .text.gpioDummyStatus
                0x0000000008008a20        0xc /tmp/esense.elf.yPOSOi.ltrans0.ltrans.o
 .text.printfFixed
                0x0000000008008a2c       0x4c /tmp/esense.elf.yPOSOi.ltrans0.ltrans.o
 .text.max2870StatusPrint
                0x0000000008008a78      0x220 /tmp/esense.elf.yPOSOi.ltrans0.ltrans.o
 .text.gpioCPUStatus
                0x0000000008008c98       0x74 /tmp/esense.elf.yPOSOi.ltrans0.ltrans.o
 .text.syslog   0x0000000008008d0c       0x74 /tmp/esense.elf.yPOSOi.ltrans0.ltrans.o
 .text.shellTerminationCallback
                0x0000000008008d80       0x44 /tmp/esense.elf.yPOSOi.ltrans0.ltrans.o
 *fill*         0x0000000008008dc4        0x4 
 .text.max2870TuneNoLock
                0x0000000008008dc8      0x3e4 /tmp/esense.elf.yPOSOi.ltrans0.ltrans.o
 .text.max2870DoMonitorTask
                0x00000000080091ac       0x70 /tmp/esense.elf.yPOSOi.ltrans0.ltrans.o
 .text.max2870Tune
                0x000000000800921c       0x1e /tmp/esense.elf.yPOSOi.ltrans0.ltrans.o
 *fill*         0x000000000800923a        0x2 
 .text.converterSHFLoTune
                0x000000000800923c       0x38 /tmp/esense.elf.yPOSOi.ltrans0.ltrans.o
 *fill*         0x0000000008009274        0x4 
 .text.max2870VcoPrecal
                0x0000000008009278       0xb8 /tmp/esense.elf.yPOSOi.ltrans0.ltrans.o
 .text.gpioDummySetPinMode
                0x0000000008009330       0x14 /tmp/esense.elf.yPOSOi.ltrans0.ltrans.o
 .text.gpioDummyGetPinMode
                0x0000000008009344       0x14 /tmp/esense.elf.yPOSOi.ltrans0.ltrans.o
 .text.gpioDummySetValue
                0x0000000008009358       0x14 /tmp/esense.elf.yPOSOi.ltrans0.ltrans.o
 .text.gpioDummyGetValue
                0x000000000800936c       0x14 /tmp/esense.elf.yPOSOi.ltrans0.ltrans.o
 .text.i2cSafeMasterTransmitTimeoutWithRetry.constprop.0
                0x0000000008009380      0x128 /tmp/esense.elf.yPOSOi.ltrans0.ltrans.o
 .text.i2cSafeReadRegBulkStandard.constprop.0
                0x00000000080094a8       0x38 /tmp/esense.elf.yPOSOi.ltrans0.ltrans.o
 .text.i2cSafeReadRegStandard
                0x00000000080094e0       0x1c /tmp/esense.elf.yPOSOi.ltrans0.ltrans.o
 .text.MCP9804MeasureTemperature.part.0
                0x00000000080094fc       0x3c /tmp/esense.elf.yPOSOi.ltrans0.ltrans.o
 .text.cmdTemp  0x0000000008009538       0x24 /tmp/esense.elf.yPOSOi.ltrans0.ltrans.o
 .text.parse_arguments
                0x000000000800955c       0x4c /tmp/esense.elf.yPOSOi.ltrans0.ltrans.o
 .text.cmdexec  0x00000000080095a8       0x34 /tmp/esense.elf.yPOSOi.ltrans0.ltrans.o
 .text.cmdGPIO  0x00000000080095dc      0x15c /tmp/esense.elf.yPOSOi.ltrans0.ltrans.o
 .text.cmdConvert
                0x0000000008009738      0x21c /tmp/esense.elf.yPOSOi.ltrans0.ltrans.o
 .text.cmdReboot
                0x0000000008009954       0xe0 /tmp/esense.elf.yPOSOi.ltrans0.ltrans.o
 .text.cmdSyslog
                0x0000000008009a34      0x138 /tmp/esense.elf.yPOSOi.ltrans0.ltrans.o
 .text.shellStartThread
                0x0000000008009b6c      0x3b0 /tmp/esense.elf.yPOSOi.ltrans0.ltrans.o
 .text.cmdThreadInfo
                0x0000000008009f1c      0x2f4 /tmp/esense.elf.yPOSOi.ltrans0.ltrans.o
 .text.cmdMax   0x000000000800a210      0x270 /tmp/esense.elf.yPOSOi.ltrans0.ltrans.o
 .text.cmdSof   0x000000000800a480       0x7c /tmp/esense.elf.yPOSOi.ltrans0.ltrans.o
 .text.cmdSanity
                0x000000000800a4fc       0x6c /tmp/esense.elf.yPOSOi.ltrans0.ltrans.o
 .text.i2cSafeWriteRegStandard
                0x000000000800a568       0x3c /tmp/esense.elf.yPOSOi.ltrans0.ltrans.o
 .text.main_    0x000000000800a5a4      0x564 /tmp/esense.elf.yPOSOi.ltrans0.ltrans.o
 .text.cmdI2C   0x000000000800ab08      0x1fc /tmp/esense.elf.yPOSOi.ltrans0.ltrans.o
 .text.syslogISRUnknownPriority
                0x000000000800ad04       0x5c /tmp/esense.elf.yPOSOi.ltrans0.ltrans.o
 .text._unhandled_exception
                0x000000000800ad60       0x48 /tmp/esense.elf.yPOSOi.ltrans0.ltrans.o
 .text.usb_event
                0x000000000800ada8      0x118 /tmp/esense.elf.yPOSOi.ltrans0.ltrans.o
 .text.prvIdleTask
                0x000000000800aec0      0x2c4 /tmp/esense.elf.yPOSOi.ltrans0.ltrans.o
 .text.__core_init
                0x000000000800b184        0x2 /tmp/esense.elf.yPOSOi.ltrans0.ltrans.o
                0x000000000800b184                __core_init
 .text.__late_init
                0x000000000800b186        0x2 /tmp/esense.elf.yPOSOi.ltrans0.ltrans.o
                0x000000000800b186                __late_init
 .text.__default_exit
                0x000000000800b188        0x2 /tmp/esense.elf.yPOSOi.ltrans0.ltrans.o
                0x000000000800b188                __default_exit
 *fill*         0x000000000800b18a        0x2 
 .text.__init_ram_areas
                0x000000000800b18c       0x58 /tmp/esense.elf.yPOSOi.ltrans0.ltrans.o
                0x000000000800b18c                __init_ram_areas
 .text.__early_init
                0x000000000800b1e4       0x80 /tmp/esense.elf.yPOSOi.ltrans0.ltrans.o
                0x000000000800b1e4                __early_init
 .text.startup.main
                0x000000000800b264      0x388 /tmp/esense.elf.yPOSOi.ltrans0.ltrans.o
                0x000000000800b264                main
 .text.vTaskSwitchContext
                0x000000000800b5ec       0x90 /tmp/esense.elf.yPOSOi.ltrans0.ltrans.o
                0x000000000800b5ec                vTaskSwitchContext
 .text.mixLedTask
                0x000000000800b67c      0x140 /tmp/esense.elf.yPOSOi.ltrans0.ltrans.o
 .text.memset   0x000000000800b7bc       0xa4 /home/matt/gcc-arm-none-eabi-10-2020-q4-major/bin/../lib/gcc/arm-none-eabi/10.2.1/../../../../arm-none-eabi/lib/thumb/v7-m/nofp/libg.a(lib_a-memset.o)
                0x000000000800b7bc                memset
 .text.strchr   0x000000000800b860       0xcc /home/matt/gcc-arm-none-eabi-10-2020-q4-major/bin/../lib/gcc/arm-none-eabi/10.2.1/../../../../arm-none-eabi/lib/thumb/v7-m/nofp/libg.a(lib_a-strchr.o)
                0x000000000800b860                strchr
 .text.strlen   0x000000000800b92c       0x5c /home/matt/gcc-arm-none-eabi-10-2020-q4-major/bin/../lib/gcc/arm-none-eabi/10.2.1/../../../../arm-none-eabi/lib/thumb/v7-m/nofp/libg.a(lib_a-strlen-stub.o)
                0x000000000800b92c                strlen
 .text.strpbrk  0x000000000800b988       0x38 /home/matt/gcc-arm-none-eabi-10-2020-q4-major/bin/../lib/gcc/arm-none-eabi/10.2.1/../../../../arm-none-eabi/lib/thumb/v7-m/nofp/libg.a(lib_a-strpbrk.o)
                0x000000000800b988                strpbrk
 .text.strspn   0x000000000800b9c0       0x34 /home/matt/gcc-arm-none-eabi-10-2020-q4-major/bin/../lib/gcc/arm-none-eabi/10.2.1/../../../../arm-none-eabi/lib/thumb/v7-m/nofp/libg.a(lib_a-strspn.o)
                0x000000000800b9c0                strspn
 *(.glue_7t)
 .glue_7t       0x000000000800b9f4        0x0 linker stubs
 *(.glue_7)
 .glue_7        0x000000000800b9f4        0x0 linker stubs
 *(.gcc*)

.vfp11_veneer   0x000000000800b9f4        0x0
 .vfp11_veneer  0x000000000800b9f4        0x0 linker stubs

.v4_bx          0x000000000800b9f4        0x0
 .v4_bx         0x000000000800b9f4        0x0 linker stubs

.iplt           0x000000000800b9f4        0x0
 .iplt          0x000000000800b9f4        0x0 build/obj/crt0_v7m.o

.rodata         0x000000000800b9f4     0x134c
                0x000000000800b9f4                . = ALIGN (0x4)
                0x000000000800b9f4                __rodata_base__ = .
 *(.rodata)
 .rodata        0x000000000800b9f4        0x5 /tmp/esense.elf.yPOSOi.ltrans0.ltrans.o
 *(.rodata.*)
 .rodata.i2cSafeResultToString.str1.1
                0x000000000800b9f9       0x75 /tmp/esense.elf.yPOSOi.ltrans0.ltrans.o
 .rodata.chvprintf.str1.1
                0x000000000800ba6e        0x7 /tmp/esense.elf.yPOSOi.ltrans0.ltrans.o
 .rodata.cmd_exit.str1.1
                0x000000000800ba75       0x11 /tmp/esense.elf.yPOSOi.ltrans0.ltrans.o
 .rodata.cmd_info.str1.1
                0x000000000800ba86       0xff /tmp/esense.elf.yPOSOi.ltrans0.ltrans.o
                                        0x102 (size before relaxing)
 .rodata.cmd_echo.str1.1
                0x000000000800bb85        0xf /tmp/esense.elf.yPOSOi.ltrans0.ltrans.o
                                         0x14 (size before relaxing)
 .rodata.cmd_systime.str1.1
                0x000000000800bb94        0xe /tmp/esense.elf.yPOSOi.ltrans0.ltrans.o
 .rodata.cmd_mem.str1.1
                0x000000000800bba2       0x76 /tmp/esense.elf.yPOSOi.ltrans0.ltrans.o
 .rodata.cmdMco.str1.1
                0x000000000800bc18       0x17 /tmp/esense.elf.yPOSOi.ltrans0.ltrans.o
 .rodata.cmdLicense.str1.1
                0x000000000800bc2f        0x3 /tmp/esense.elf.yPOSOi.ltrans0.ltrans.o
 .rodata.cmdMaxUsage.str1.1
                0x000000000800bc32       0x8c /tmp/esense.elf.yPOSOi.ltrans0.ltrans.o
 .rodata.cmdI2CUsage.str1.1
                0x000000000800bcbe       0x77 /tmp/esense.elf.yPOSOi.ltrans0.ltrans.o
 .rodata.cmdGPIOUsage.str1.1
                0x000000000800bd35       0xaf /tmp/esense.elf.yPOSOi.ltrans0.ltrans.o
 .rodata.gpioDummyStatus.str1.1
                0x000000000800bde4       0x11 /tmp/esense.elf.yPOSOi.ltrans0.ltrans.o
 .rodata.printfFixed.str1.1
                0x000000000800bdf5       0x11 /tmp/esense.elf.yPOSOi.ltrans0.ltrans.o
                                          0x2 (size before relaxing)
 .rodata.max2870StatusPrint.str1.1
                0x000000000800bdf5      0x145 /tmp/esense.elf.yPOSOi.ltrans0.ltrans.o
                                        0x157 (size before relaxing)
 .rodata.gpioCPUStatus.str1.1
                0x000000000800bf3a       0x29 /tmp/esense.elf.yPOSOi.ltrans0.ltrans.o
 .rodata.syslog.str1.1
                0x000000000800bf63        0x9 /tmp/esense.elf.yPOSOi.ltrans0.ltrans.o
 .rodata.shellTerminationCallback.str1.1
                0x000000000800bf6c       0x15 /tmp/esense.elf.yPOSOi.ltrans0.ltrans.o
 .rodata.max2870TuneNoLock.str1.1
                0x000000000800bf81       0x17 /tmp/esense.elf.yPOSOi.ltrans0.ltrans.o
 .rodata.max2870DoMonitorTask.str1.1
                0x000000000800bf98       0x1d /tmp/esense.elf.yPOSOi.ltrans0.ltrans.o
 .rodata.gpioDummySetPinMode.str1.1
                0x000000000800bfb5       0x16 /tmp/esense.elf.yPOSOi.ltrans0.ltrans.o
 .rodata.i2cSafeMasterTransmitTimeoutWithRetry.constprop.0.str1.1
                0x000000000800bfcb       0x3b /tmp/esense.elf.yPOSOi.ltrans0.ltrans.o
 .rodata.cmdTemp.str1.1
                0x000000000800c006       0x15 /tmp/esense.elf.yPOSOi.ltrans0.ltrans.o
 .rodata.parse_arguments.str1.1
                0x000000000800c01b        0x3 /tmp/esense.elf.yPOSOi.ltrans0.ltrans.o
 .rodata.cmdGPIO.str1.1
                0x000000000800c01e       0x4e /tmp/esense.elf.yPOSOi.ltrans0.ltrans.o
 .rodata.cmdConvert.str1.1
                0x000000000800c06c      0x16e /tmp/esense.elf.yPOSOi.ltrans0.ltrans.o
                                        0x176 (size before relaxing)
 .rodata.cmdReboot.str1.1
                0x000000000800c1da       0x91 /tmp/esense.elf.yPOSOi.ltrans0.ltrans.o
 .rodata.cmdSyslog.str1.1
                0x000000000800c26b       0x19 /tmp/esense.elf.yPOSOi.ltrans0.ltrans.o
 .rodata.shellStartThread.str1.1
                0x000000000800c284       0x70 /tmp/esense.elf.yPOSOi.ltrans0.ltrans.o
 .rodata.cmdThreadInfo.str1.1
                0x000000000800c2f4       0xb9 /tmp/esense.elf.yPOSOi.ltrans0.ltrans.o
                                         0xba (size before relaxing)
 .rodata.cmdMax.str1.1
                0x000000000800c3ad       0xf2 /tmp/esense.elf.yPOSOi.ltrans0.ltrans.o
 .rodata.cmdSof.str1.1
                0x000000000800c49f       0x20 /tmp/esense.elf.yPOSOi.ltrans0.ltrans.o
 .rodata.cmdSanity.str1.1
                0x000000000800c4bf       0x3c /tmp/esense.elf.yPOSOi.ltrans0.ltrans.o
 .rodata.main_.str1.1
                0x000000000800c4fb      0x13d /tmp/esense.elf.yPOSOi.ltrans0.ltrans.o
 .rodata.cmdI2C.str1.1
                0x000000000800c638       0x8e /tmp/esense.elf.yPOSOi.ltrans0.ltrans.o
                                         0x92 (size before relaxing)
 .rodata._unhandled_exception.str1.1
                0x000000000800c6c6       0x15 /tmp/esense.elf.yPOSOi.ltrans0.ltrans.o
 .rodata.usb_event.str1.1
                0x000000000800c6db       0x28 /tmp/esense.elf.yPOSOi.ltrans0.ltrans.o
 .rodata.prvIdleTask.str1.1
                0x000000000800c703       0x18 /tmp/esense.elf.yPOSOi.ltrans0.ltrans.o
 .rodata.main.str1.1
                0x000000000800c71b        0x5 /tmp/esense.elf.yPOSOi.ltrans0.ltrans.o
 .rodata.str1.1
                0x000000000800c720       0x9d /tmp/esense.elf.yPOSOi.ltrans0.ltrans.o
 *fill*         0x000000000800c7bd        0x3 
 .rodata.CSWTCH.5
                0x000000000800c7c0       0x44 /tmp/esense.elf.yPOSOi.ltrans0.ltrans.o
 .rodata.I2C1SafeConfig
                0x000000000800c804       0x14 /tmp/esense.elf.yPOSOi.ltrans0.ltrans.o
 .rodata._stm32_dma_streams
                0x000000000800c818       0x8c /tmp/esense.elf.yPOSOi.ltrans0.ltrans.o
 .rodata.active_status
                0x000000000800c8a4        0x2 /tmp/esense.elf.yPOSOi.ltrans0.ltrans.o
 *fill*         0x000000000800c8a6        0x2 
 .rodata.bandSpecificGpioSettings
                0x000000000800c8a8       0x18 /tmp/esense.elf.yPOSOi.ltrans0.ltrans.o
 .rodata.cfgToMode.0
                0x000000000800c8c0       0x10 /tmp/esense.elf.yPOSOi.ltrans0.ltrans.o
 .rodata.cfgtab.0
                0x000000000800c8d0       0x12 /tmp/esense.elf.yPOSOi.ltrans0.ltrans.o
 *fill*         0x000000000800c8e2        0x2 
 .rodata.converterBands
                0x000000000800c8e4       0x8c /tmp/esense.elf.yPOSOi.ltrans0.ltrans.o
 .rodata.dummytx
                0x000000000800c970        0x2 /tmp/esense.elf.yPOSOi.ltrans0.ltrans.o
 *fill*         0x000000000800c972        0x2 
 .rodata.ep0config
                0x000000000800c974       0x24 /tmp/esense.elf.yPOSOi.ltrans0.ltrans.o
 .rodata.ep1config
                0x000000000800c998       0x24 /tmp/esense.elf.yPOSOi.ltrans0.ltrans.o
 .rodata.ep2config
                0x000000000800c9bc       0x24 /tmp/esense.elf.yPOSOi.ltrans0.ltrans.o
 .rodata.gpioCPUFunctions
                0x000000000800c9e0       0x18 /tmp/esense.elf.yPOSOi.ltrans0.ltrans.o
 .rodata.gpioDummyFunctions
                0x000000000800c9f8       0x18 /tmp/esense.elf.yPOSOi.ltrans0.ltrans.o
 .rodata.gpioDummyPort
                0x000000000800ca10        0xc /tmp/esense.elf.yPOSOi.ltrans0.ltrans.o
 .rodata.halted_status
                0x000000000800ca1c        0x2 /tmp/esense.elf.yPOSOi.ltrans0.ltrans.o
 *fill*         0x000000000800ca1e        0x2 
 .rodata.max2870Config
                0x000000000800ca20       0x20 /tmp/esense.elf.yPOSOi.ltrans0.ltrans.o
 .rodata.mcp9804Config
                0x000000000800ca40        0x8 /tmp/esense.elf.yPOSOi.ltrans0.ltrans.o
 .rodata.platformPinConfig
                0x000000000800ca48       0x54 /tmp/esense.elf.yPOSOi.ltrans0.ltrans.o
 .rodata.pllSPIConfig
                0x000000000800ca9c       0x10 /tmp/esense.elf.yPOSOi.ltrans0.ltrans.o
 .rodata.ram_areas
                0x000000000800caac       0x80 /tmp/esense.elf.yPOSOi.ltrans0.ltrans.o
 .rodata.serusbcfg
                0x000000000800cb2c        0xc /tmp/esense.elf.yPOSOi.ltrans0.ltrans.o
 .rodata.shell_local_commands
                0x000000000800cb38       0x48 /tmp/esense.elf.yPOSOi.ltrans0.ltrans.o
 .rodata.syslogStream
                0x000000000800cb80        0x4 /tmp/esense.elf.yPOSOi.ltrans0.ltrans.o
 .rodata.syslogVMT
                0x000000000800cb84       0x10 /tmp/esense.elf.yPOSOi.ltrans0.ltrans.o
 .rodata.usbcfg
                0x000000000800cb94       0x10 /tmp/esense.elf.yPOSOi.ltrans0.ltrans.o
 .rodata.vcom_configuration_descriptor
                0x000000000800cba4        0x8 /tmp/esense.elf.yPOSOi.ltrans0.ltrans.o
 .rodata.vcom_configuration_descriptor_data
                0x000000000800cbac       0x43 /tmp/esense.elf.yPOSOi.ltrans0.ltrans.o
 *fill*         0x000000000800cbef        0x1 
 .rodata.vcom_device_descriptor
                0x000000000800cbf0        0x8 /tmp/esense.elf.yPOSOi.ltrans0.ltrans.o
 .rodata.vcom_device_descriptor_data
                0x000000000800cbf8       0x12 /tmp/esense.elf.yPOSOi.ltrans0.ltrans.o
 .rodata.vcom_string0
                0x000000000800cc0a        0x4 /tmp/esense.elf.yPOSOi.ltrans0.ltrans.o
 .rodata.vcom_string1
                0x000000000800cc0e       0x42 /tmp/esense.elf.yPOSOi.ltrans0.ltrans.o
 .rodata.vcom_string2
                0x000000000800cc50       0x50 /tmp/esense.elf.yPOSOi.ltrans0.ltrans.o
 .rodata.vcom_strings
                0x000000000800cca0       0x20 /tmp/esense.elf.yPOSOi.ltrans0.ltrans.o
 .rodata.vmt.lto_priv.0
                0x000000000800ccc0       0x20 /tmp/esense.elf.yPOSOi.ltrans0.ltrans.o
 .rodata.vmt.lto_priv.1
                0x000000000800cce0       0x20 /tmp/esense.elf.yPOSOi.ltrans0.ltrans.o
 .rodata.vmt.lto_priv.2
                0x000000000800cd00       0x10 /tmp/esense.elf.yPOSOi.ltrans0.ltrans.o
 .rodata.watchdogConfig
                0x000000000800cd10        0x8 /tmp/esense.elf.yPOSOi.ltrans0.ltrans.o
 .rodata.zero_status
                0x000000000800cd18        0x2 /tmp/esense.elf.yPOSOi.ltrans0.ltrans.o
                0x000000000800cd1c                . = ALIGN (0x4)
 *fill*         0x000000000800cd1a        0x2 
                0x000000000800cd1c                __rodata_end__ = .
                0x000000000800cd1c                __buildid_base__ = .
 *(.note.gnu.build-id)
 .note.gnu.build-id
                0x000000000800cd1c       0x24 linker stubs
                0x000000000800cd40                __buildid_end__ = .
                0x000000000800cd40                . = ALIGN (0x4)

.ARM.extab
 *(.ARM.extab* .gnu.linkonce.armextab.*)

.ARM.exidx      0x000000000800cd40        0x8
                0x000000000800cd40                __exidx_start = .
 *(.ARM.exidx* .gnu.linkonce.armexidx.*)
 .ARM.exidx     0x000000000800cd40        0x8 /home/matt/gcc-arm-none-eabi-10-2020-q4-major/bin/../lib/gcc/arm-none-eabi/10.2.1/thumb/v7-m/nofp/libgcc.a(_udivmoddi4.o)
                0x000000000800cd48                __exidx_end = .

.rel.dyn        0x000000000800cd48        0x0
 .rel.iplt      0x000000000800cd48        0x0 build/obj/crt0_v7m.o

.eh_frame_hdr
 *(.eh_frame_hdr)

.eh_frame
 *(.eh_frame)
                0x0000000020000000                __ram0_start__ = ORIGIN (ram0)
                0x0000000000005000                __ram0_size__ = LENGTH (ram0)
                0x0000000020005000                __ram0_end__ = (__ram0_start__ + __ram0_size__)
                0x0000000000000000                __ram1_start__ = ORIGIN (ram1)
                0x0000000000000000                __ram1_size__ = LENGTH (ram1)
                0x0000000000000000                __ram1_end__ = (__ram1_start__ + __ram1_size__)
                0x0000000000000000                __ram2_start__ = ORIGIN (ram2)
                0x0000000000000000                __ram2_size__ = LENGTH (ram2)
                0x0000000000000000                __ram2_end__ = (__ram2_start__ + __ram2_size__)
                0x0000000000000000                __ram3_start__ = ORIGIN (ram3)
                0x0000000000000000                __ram3_size__ = LENGTH (ram3)
                0x0000000000000000                __ram3_end__ = (__ram3_start__ + __ram3_size__)
                0x0000000000000000                __ram4_start__ = ORIGIN (ram4)
                0x0000000000000000                __ram4_size__ = LENGTH (ram4)
                0x0000000000000000                __ram4_end__ = (__ram4_start__ + __ram4_size__)
                0x0000000000000000                __ram5_start__ = ORIGIN (ram5)
                0x0000000000000000                __ram5_size__ = LENGTH (ram5)
                0x0000000000000000                __ram5_end__ = (__ram5_start__ + __ram5_size__)
                0x0000000000000000                __ram6_start__ = ORIGIN (ram6)
                0x0000000000000000                __ram6_size__ = LENGTH (ram6)
                0x0000000000000000                __ram6_end__ = (__ram6_start__ + __ram6_size__)
                0x0000000000000000                __ram7_start__ = ORIGIN (ram7)
                0x0000000000000000                __ram7_size__ = LENGTH (ram7)
                0x0000000000000000                __ram7_end__ = (__ram7_start__ + __ram7_size__)

.data           0x0000000020000800      0x128 load address 0x000000000800cd48
                0x0000000020000800                . = ALIGN (0x4)
                [!provide]                        PROVIDE (_textdata = LOADADDR (.data))
                [!provide]                        PROVIDE (_data = .)
                0x000000000800cd48                _textdata_start = LOADADDR (.data)
                0x0000000020000800                _data_start = .
 *(.data)
 *(.data.*)
 .data.allowDisableSOF
                0x0000000020000800        0x1 /tmp/esense.elf.yPOSOi.ltrans0.ltrans.o
 *fill*         0x0000000020000801        0x3 
 .data.converterBypassFunctions
                0x0000000020000804        0x8 /tmp/esense.elf.yPOSOi.ltrans0.ltrans.o
 .data.converterSHFBandConfig
                0x000000002000080c       0x30 /tmp/esense.elf.yPOSOi.ltrans0.ltrans.o
 .data.converterSHFFunctions
                0x000000002000083c        0x8 /tmp/esense.elf.yPOSOi.ltrans0.ltrans.o
 .data.converterSWFunctions
                0x0000000020000844        0x8 /tmp/esense.elf.yPOSOi.ltrans0.ltrans.o
 .data.incr0bxlr
                0x000000002000084c        0x4 /tmp/esense.elf.yPOSOi.ltrans0.ltrans.o
 .data.linecoding
                0x0000000020000850        0x7 /tmp/esense.elf.yPOSOi.ltrans0.ltrans.o
 *fill*         0x0000000020000857        0x1 
 .data.sanityRebootSeconds
                0x0000000020000858        0x4 /tmp/esense.elf.yPOSOi.ltrans0.ltrans.o
 .data.shellCommands
                0x000000002000085c       0xb4 /tmp/esense.elf.yPOSOi.ltrans0.ltrans.o
 .data.shellCommandsIndex
                0x0000000020000910        0x1 /tmp/esense.elf.yPOSOi.ltrans0.ltrans.o
 .data.sofEnabled.0
                0x0000000020000911        0x1 /tmp/esense.elf.yPOSOi.ltrans0.ltrans.o
 *fill*         0x0000000020000912        0x2 
 .data.startupTuneRequest
                0x0000000020000914       0x14 /tmp/esense.elf.yPOSOi.ltrans0.ltrans.o
 *(.ramtext)
                0x0000000020000928                . = ALIGN (0x4)
                [!provide]                        PROVIDE (_edata = .)
                0x0000000020000928                _data_end = .

.igot.plt       0x0000000020000928        0x0 load address 0x000000000800ce70
 .igot.plt      0x0000000020000928        0x0 build/obj/crt0_v7m.o

.bss            0x0000000020000928      0xd28 load address 0x000000000800ce70
                0x0000000020000928                . = ALIGN (0x4)
                0x0000000020000928                _bss_start = .
 *(.bss)
 *(.bss.*)
 .bss.GPIODriverData
                0x0000000020000928        0xc /tmp/esense.elf.yPOSOi.ltrans0.ltrans.o
 .bss.I2CD1     0x0000000020000934       0x88 /tmp/esense.elf.yPOSOi.ltrans0.ltrans.o
 .bss.SD3       0x00000000200009bc       0x88 /tmp/esense.elf.yPOSOi.ltrans0.ltrans.o
 .bss.SDU1      0x0000000020000a44      0x49c /tmp/esense.elf.yPOSOi.ltrans0.ltrans.o
 .bss.SPID1     0x0000000020000ee0       0x74 /tmp/esense.elf.yPOSOi.ltrans0.ltrans.o
 .bss.USBD1     0x0000000020000f54       0x88 /tmp/esense.elf.yPOSOi.ltrans0.ltrans.o
 .bss.WDGD1     0x0000000020000fdc        0xc /tmp/esense.elf.yPOSOi.ltrans0.ltrans.o
 .bss._stm32_dma_isr_redir
                0x0000000020000fe8       0x38 /tmp/esense.elf.yPOSOi.ltrans0.ltrans.o
 .bss.converter
                0x0000000020001020       0x24 /tmp/esense.elf.yPOSOi.ltrans0.ltrans.o
 .bss.dma_streams_mask
                0x0000000020001044        0x4 /tmp/esense.elf.yPOSOi.ltrans0.ltrans.o
 .bss.dummyrx   0x0000000020001048        0x2 /tmp/esense.elf.yPOSOi.ltrans0.ltrans.o
 *fill*         0x000000002000104a        0x2 
 .bss.ep0_state
                0x000000002000104c       0x10 /tmp/esense.elf.yPOSOi.ltrans0.ltrans.o
 .bss.ep0setup_buffer
                0x000000002000105c        0x8 /tmp/esense.elf.yPOSOi.ltrans0.ltrans.o
 .bss.ep1instate
                0x0000000020001064       0x10 /tmp/esense.elf.yPOSOi.ltrans0.ltrans.o
 .bss.ep1outstate
                0x0000000020001074       0x10 /tmp/esense.elf.yPOSOi.ltrans0.ltrans.o
 .bss.ep2instate
                0x0000000020001084       0x10 /tmp/esense.elf.yPOSOi.ltrans0.ltrans.o
 *fill*         0x0000000020001094        0x4 
 .bss.loPLL     0x0000000020001098      0x100 /tmp/esense.elf.yPOSOi.ltrans0.ltrans.o
 .bss.mixLedDelay
                0x0000000020001198        0x4 /tmp/esense.elf.yPOSOi.ltrans0.ltrans.o
 .bss.mixLedTaskHandle
                0x000000002000119c        0x4 /tmp/esense.elf.yPOSOi.ltrans0.ltrans.o
 .bss.monThreadFirst
                0x00000000200011a0        0x4 /tmp/esense.elf.yPOSOi.ltrans0.ltrans.o
 .bss.monThreadHandle
                0x00000000200011a4        0x4 /tmp/esense.elf.yPOSOi.ltrans0.ltrans.o
 .bss.pxCurrentTCB
                0x00000000200011a8        0x4 /tmp/esense.elf.yPOSOi.ltrans0.ltrans.o
 .bss.pxDelayedTaskList
                0x00000000200011ac        0x4 /tmp/esense.elf.yPOSOi.ltrans0.ltrans.o
 .bss.pxEnd     0x00000000200011b0        0x4 /tmp/esense.elf.yPOSOi.ltrans0.ltrans.o
 .bss.pxOverflowDelayedTaskList
                0x00000000200011b4        0x4 /tmp/esense.elf.yPOSOi.ltrans0.ltrans.o
 .bss.pxReadyTasksLists
                0x00000000200011b8       0x64 /tmp/esense.elf.yPOSOi.ltrans0.ltrans.o
 .bss.sanityReboot
                0x000000002000121c       0x14 /tmp/esense.elf.yPOSOi.ltrans0.ltrans.o
 .bss.sanitySettingsLocked
                0x0000000020001230        0x1 /tmp/esense.elf.yPOSOi.ltrans0.ltrans.o
 .bss.serialString
                0x0000000020001231       0x84 /tmp/esense.elf.yPOSOi.ltrans0.ltrans.o
 *fill*         0x00000000200012b5        0x3 
 .bss.shell_terminated
                0x00000000200012b8       0x10 /tmp/esense.elf.yPOSOi.ltrans0.ltrans.o
 .bss.sofCounter
                0x00000000200012c8        0x4 /tmp/esense.elf.yPOSOi.ltrans0.ltrans.o
 .bss.syslogISRBuffer
                0x00000000200012cc       0x40 /tmp/esense.elf.yPOSOi.ltrans0.ltrans.o
 .bss.syslogISRHasSomething
                0x000000002000130c        0x1 /tmp/esense.elf.yPOSOi.ltrans0.ltrans.o
 *fill*         0x000000002000130d        0x3 
 .bss.syslogQueue
                0x0000000020001310       0x24 /tmp/esense.elf.yPOSOi.ltrans0.ltrans.o
 .bss.syslogSemaphore
                0x0000000020001334        0x4 /tmp/esense.elf.yPOSOi.ltrans0.ltrans.o
 .bss.tcxoTempSensor
                0x0000000020001338        0x8 /tmp/esense.elf.yPOSOi.ltrans0.ltrans.o
 .bss.ucMaxSysCallPriority
                0x0000000020001340        0x1 /tmp/esense.elf.yPOSOi.ltrans0.ltrans.o
 *fill*         0x0000000020001341        0x3 
 .bss.ulMaxPRIGROUPValue
                0x0000000020001344        0x4 /tmp/esense.elf.yPOSOi.ltrans0.ltrans.o
 .bss.ulStoppedTimerCompensation
                0x0000000020001348        0x4 /tmp/esense.elf.yPOSOi.ltrans0.ltrans.o
 .bss.ulSyspri2Value
                0x000000002000134c        0x4 /tmp/esense.elf.yPOSOi.ltrans0.ltrans.o
 .bss.ulTimerCountsForOneTick
                0x0000000020001350        0x4 /tmp/esense.elf.yPOSOi.ltrans0.ltrans.o
 .bss.usbConnectState
                0x0000000020001354        0x1 /tmp/esense.elf.yPOSOi.ltrans0.ltrans.o
 .bss.usbShellIsUp
                0x0000000020001355        0x1 /tmp/esense.elf.yPOSOi.ltrans0.ltrans.o
 *fill*         0x0000000020001356        0x2 
 .bss.uxCriticalNesting
                0x0000000020001358        0x4 /tmp/esense.elf.yPOSOi.ltrans0.ltrans.o
 .bss.uxCurrentNumberOfTasks
                0x000000002000135c        0x4 /tmp/esense.elf.yPOSOi.ltrans0.ltrans.o
 .bss.uxDeletedTasksWaitingCleanUp
                0x0000000020001360        0x4 /tmp/esense.elf.yPOSOi.ltrans0.ltrans.o
 .bss.uxPendedTicks
                0x0000000020001364        0x4 /tmp/esense.elf.yPOSOi.ltrans0.ltrans.o
 .bss.uxSavedInterruptStatus
                0x0000000020001368        0x4 /tmp/esense.elf.yPOSOi.ltrans0.ltrans.o
 .bss.uxSchedulerSuspended
                0x000000002000136c        0x4 /tmp/esense.elf.yPOSOi.ltrans0.ltrans.o
 .bss.uxTaskNumber
                0x0000000020001370        0x4 /tmp/esense.elf.yPOSOi.ltrans0.ltrans.o
 .bss.uxTopReadyPriority
                0x0000000020001374        0x4 /tmp/esense.elf.yPOSOi.ltrans0.ltrans.o
 .bss.xBlockAllocatedBit
                0x0000000020001378        0x4 /tmp/esense.elf.yPOSOi.ltrans0.ltrans.o
 .bss.xDelayedTaskList1
                0x000000002000137c       0x14 /tmp/esense.elf.yPOSOi.ltrans0.ltrans.o
 .bss.xDelayedTaskList2
                0x0000000020001390       0x14 /tmp/esense.elf.yPOSOi.ltrans0.ltrans.o
 .bss.xFreeBytesRemaining
                0x00000000200013a4        0x4 /tmp/esense.elf.yPOSOi.ltrans0.ltrans.o
 .bss.xIdleStack
                0x00000000200013a8      0x1e0 /tmp/esense.elf.yPOSOi.ltrans0.ltrans.o
 .bss.xIdleTaskTCBBuffer
                0x0000000020001588       0x68 /tmp/esense.elf.yPOSOi.ltrans0.ltrans.o
 .bss.xMaximumPossibleSuppressedTicks
                0x00000000200015f0        0x4 /tmp/esense.elf.yPOSOi.ltrans0.ltrans.o
 .bss.xMinimumEverFreeBytesRemaining
                0x00000000200015f4        0x4 /tmp/esense.elf.yPOSOi.ltrans0.ltrans.o
 .bss.xNextTaskUnblockTime
                0x00000000200015f8        0x4 /tmp/esense.elf.yPOSOi.ltrans0.ltrans.o
 .bss.xNumOfOverflows
                0x00000000200015fc        0x4 /tmp/esense.elf.yPOSOi.ltrans0.ltrans.o
 .bss.xPendingReadyList
                0x0000000020001600       0x14 /tmp/esense.elf.yPOSOi.ltrans0.ltrans.o
 .bss.xSchedulerRunning
                0x0000000020001614        0x4 /tmp/esense.elf.yPOSOi.ltrans0.ltrans.o
 .bss.xStart    0x0000000020001618        0x8 /tmp/esense.elf.yPOSOi.ltrans0.ltrans.o
 .bss.xSuspendedTaskList
                0x0000000020001620       0x14 /tmp/esense.elf.yPOSOi.ltrans0.ltrans.o
 .bss.xTasksWaitingTermination
                0x0000000020001634       0x14 /tmp/esense.elf.yPOSOi.ltrans0.ltrans.o
 .bss.xTickCount
                0x0000000020001648        0x4 /tmp/esense.elf.yPOSOi.ltrans0.ltrans.o
 .bss.xYieldPending
                0x000000002000164c        0x4 /tmp/esense.elf.yPOSOi.ltrans0.ltrans.o
 *(COMMON)
                0x0000000020001650                . = ALIGN (0x4)
                0x0000000020001650                _bss_end = .
                [!provide]                        PROVIDE (end = .)

.ram0_init      0x0000000020001650        0x0 load address 0x000000000800ce70
                0x0000000020001650                . = ALIGN (0x4)
                0x000000000800ce70                __ram0_init_text__ = LOADADDR (.ram0_init)
                0x0000000020001650                __ram0_init__ = .
 *(.ram0_init)
 *(.ram0_init.*)
                0x0000000020001650                . = ALIGN (0x4)

.ram0           0x0000000020001650        0x0 load address 0x000000000800ce70
                0x0000000020001650                . = ALIGN (0x4)
                0x0000000020001650                __ram0_clear__ = .
 *(.ram0_clear)
 *(.ram0_clear.*)
                0x0000000020001650                . = ALIGN (0x4)
                0x0000000020001650                __ram0_noinit__ = .
 *(.ram0)
 *(.ram0.*)
                0x0000000020001650                . = ALIGN (0x4)
                0x0000000020001650                __ram0_free__ = .

.ram1_init      0x0000000000000000        0x0 load address 0x000000000800ce70
                0x0000000000000000                . = ALIGN (0x4)
                0x000000000800ce70                __ram1_init_text__ = LOADADDR (.ram1_init)
                0x0000000000000000                __ram1_init__ = .
 *(.ram1_init)
 *(.ram1_init.*)
                0x0000000000000000                . = ALIGN (0x4)

.ram1           0x0000000000000000        0x0 load address 0x000000000800ce70
                0x0000000000000000                . = ALIGN (0x4)
                0x0000000000000000                __ram1_clear__ = .
 *(.ram1_clear)
 *(.ram1_clear.*)
                0x0000000000000000                . = ALIGN (0x4)
                0x0000000000000000                __ram1_noinit__ = .
 *(.ram1)
 *(.ram1.*)
                0x0000000000000000                . = ALIGN (0x4)
                0x0000000000000000                __ram1_free__ = .

.ram2_init      0x0000000000000000        0x0 load address 0x000000000800ce70
                0x0000000000000000                . = ALIGN (0x4)
                0x000000000800ce70                __ram2_init_text__ = LOADADDR (.ram2_init)
                0x0000000000000000                __ram2_init__ = .
 *(.ram2_init)
 *(.ram2_init.*)
                0x0000000000000000                . = ALIGN (0x4)

.ram2           0x0000000000000000        0x0 load address 0x000000000800ce70
                0x0000000000000000                . = ALIGN (0x4)
                0x0000000000000000                __ram2_clear__ = .
 *(.ram2_clear)
 *(.ram2_clear.*)
                0x0000000000000000                . = ALIGN (0x4)
                0x0000000000000000                __ram2_noinit__ = .
 *(.ram2)
 *(.ram2.*)
                0x0000000000000000                . = ALIGN (0x4)
                0x0000000000000000                __ram2_free__ = .

.ram3_init      0x0000000000000000        0x0 load address 0x000000000800ce70
                0x0000000000000000                . = ALIGN (0x4)
                0x000000000800ce70                __ram3_init_text__ = LOADADDR (.ram3_init)
                0x0000000000000000                __ram3_init__ = .
 *(.ram3_init)
 *(.ram3_init.*)
                0x0000000000000000                . = ALIGN (0x4)

.ram3           0x0000000000000000        0x0 load address 0x000000000800ce70
                0x0000000000000000                . = ALIGN (0x4)
                0x0000000000000000                __ram3_clear__ = .
 *(.ram3_clear)
 *(.ram3_clear.*)
                0x0000000000000000                . = ALIGN (0x4)
                0x0000000000000000                __ram3_noinit__ = .
 *(.ram3)
 *(.ram3.*)
                0x0000000000000000                . = ALIGN (0x4)
                0x0000000000000000                __ram3_free__ = .

.ram4_init      0x0000000000000000        0x0 load address 0x000000000800ce70
                0x0000000000000000                . = ALIGN (0x4)
                0x000000000800ce70                __ram4_init_text__ = LOADADDR (.ram4_init)
                0x0000000000000000                __ram4_init__ = .
 *(.ram4_init)
 *(.ram4_init.*)
                0x0000000000000000                . = ALIGN (0x4)

.ram4           0x0000000000000000        0x0 load address 0x000000000800ce70
                0x0000000000000000                . = ALIGN (0x4)
                0x0000000000000000                __ram4_clear__ = .
 *(.ram4_clear)
 *(.ram4_clear.*)
                0x0000000000000000                . = ALIGN (0x4)
                0x0000000000000000                __ram4_noinit__ = .
 *(.ram4)
 *(.ram4.*)
                0x0000000000000000                . = ALIGN (0x4)
                0x0000000000000000                __ram4_free__ = .

.ram5_init      0x0000000000000000        0x0 load address 0x000000000800ce70
                0x0000000000000000                . = ALIGN (0x4)
                0x000000000800ce70                __ram5_init_text__ = LOADADDR (.ram5_init)
                0x0000000000000000                __ram5_init__ = .
 *(.ram5_init)
 *(.ram5_init.*)
                0x0000000000000000                . = ALIGN (0x4)

.ram5           0x0000000000000000        0x0 load address 0x000000000800ce70
                0x0000000000000000                . = ALIGN (0x4)
                0x0000000000000000                __ram5_clear__ = .
 *(.ram5_clear)
 *(.ram5_clear.*)
                0x0000000000000000                . = ALIGN (0x4)
                0x0000000000000000                __ram5_noinit__ = .
 *(.ram5)
 *(.ram5.*)
                0x0000000000000000                . = ALIGN (0x4)
                0x0000000000000000                __ram5_free__ = .

.ram6_init      0x0000000000000000        0x0 load address 0x000000000800ce70
                0x0000000000000000                . = ALIGN (0x4)
                0x000000000800ce70                __ram6_init_text__ = LOADADDR (.ram6_init)
                0x0000000000000000                __ram6_init__ = .
 *(.ram6_init)
 *(.ram6_init.*)
                0x0000000000000000                . = ALIGN (0x4)

.ram6           0x0000000000000000        0x0 load address 0x000000000800ce70
                0x0000000000000000                . = ALIGN (0x4)
                0x0000000000000000                __ram6_clear__ = .
 *(.ram6_clear)
 *(.ram6_clear.*)
                0x0000000000000000                . = ALIGN (0x4)
                0x0000000000000000                __ram6_noinit__ = .
 *(.ram6)
 *(.ram6.*)
                0x0000000000000000                . = ALIGN (0x4)
                0x0000000000000000                __ram6_free__ = .

.ram7_init      0x0000000000000000        0x0 load address 0x000000000800ce70
                0x0000000000000000                . = ALIGN (0x4)
                0x000000000800ce70                __ram7_init_text__ = LOADADDR (.ram7_init)
                0x0000000000000000                __ram7_init__ = .
 *(.ram7_init)
 *(.ram7_init.*)
                0x0000000000000000                . = ALIGN (0x4)

.ram7           0x0000000000000000        0x0 load address 0x000000000800ce70
                0x0000000000000000                . = ALIGN (0x4)
                0x0000000000000000                __ram7_clear__ = .
 *(.ram7_clear)
 *(.ram7_clear.*)
                0x0000000000000000                . = ALIGN (0x4)
                0x0000000000000000                __ram7_noinit__ = .
 *(.ram7)
 *(.ram7.*)
                0x0000000000000000                . = ALIGN (0x4)
                0x0000000000000000                __ram7_free__ = .

.heap           0x0000000020001650     0x39b0
                0x0000000020001650                . = ALIGN (0x8)
                0x0000000020001650                __heap_base__ = .
                0x0000000020005000                . = (ORIGIN (HEAP_RAM) + LENGTH (HEAP_RAM))
 *fill*         0x0000000020001650     0x39b0 
                0x0000000020005000                __heap_end__ = .
                0x0000000000000400                __process_stack_size__ = 0x400
                0x0000000000000400                __main_stack_size__ = 0x400
LOAD ../FreeRTOS//libFreeRTOS.a
LOAD ../StaticData//libStaticData.a
START GROUP
LOAD /home/matt/gcc-arm-none-eabi-10-2020-q4-major/bin/../lib/gcc/arm-none-eabi/10.2.1/thumb/v7-m/nofp/libgcc.a
LOAD /home/matt/gcc-arm-none-eabi-10-2020-q4-major/bin/../lib/gcc/arm-none-eabi/10.2.1/../../../../arm-none-eabi/lib/thumb/v7-m/nofp/libg.a
LOAD /home/matt/gcc-arm-none-eabi-10-2020-q4-major/bin/../lib/gcc/arm-none-eabi/10.2.1/../../../../arm-none-eabi/lib/thumb/v7-m/nofp/libc.a
END GROUP
OUTPUT(build/esense.elf elf32-littlearm)
LOAD linker stubs

.ARM.attributes
                0x0000000000000000       0x2f
 .ARM.attributes
                0x0000000000000000       0x21 build/obj/crt0_v7m.o
 .ARM.attributes
                0x0000000000000021       0x2b /tmp/esense.elf.yPOSOi.ltrans0.ltrans.o
 .ARM.attributes
                0x000000000000004c       0x1d /home/matt/gcc-arm-none-eabi-10-2020-q4-major/bin/../lib/gcc/arm-none-eabi/10.2.1/thumb/v7-m/nofp/libgcc.a(_aeabi_uldivmod.o)
 .ARM.attributes
                0x0000000000000069       0x2d /home/matt/gcc-arm-none-eabi-10-2020-q4-major/bin/../lib/gcc/arm-none-eabi/10.2.1/thumb/v7-m/nofp/libgcc.a(_udivmoddi4.o)
 .ARM.attributes
                0x0000000000000096       0x1d /home/matt/gcc-arm-none-eabi-10-2020-q4-major/bin/../lib/gcc/arm-none-eabi/10.2.1/thumb/v7-m/nofp/libgcc.a(_dvmd_tls.o)
 .ARM.attributes
                0x00000000000000b3       0x1b /home/matt/gcc-arm-none-eabi-10-2020-q4-major/bin/../lib/gcc/arm-none-eabi/10.2.1/../../../../arm-none-eabi/lib/thumb/v7-m/nofp/libg.a(lib_a-memcpy.o)
 .ARM.attributes
                0x00000000000000ce       0x2d /home/matt/gcc-arm-none-eabi-10-2020-q4-major/bin/../lib/gcc/arm-none-eabi/10.2.1/../../../../arm-none-eabi/lib/thumb/v7-m/nofp/libg.a(lib_a-memset.o)
 .ARM.attributes
                0x00000000000000fb       0x2d /home/matt/gcc-arm-none-eabi-10-2020-q4-major/bin/../lib/gcc/arm-none-eabi/10.2.1/../../../../arm-none-eabi/lib/thumb/v7-m/nofp/libg.a(lib_a-strchr.o)
 .ARM.attributes
                0x0000000000000128       0x1b /home/matt/gcc-arm-none-eabi-10-2020-q4-major/bin/../lib/gcc/arm-none-eabi/10.2.1/../../../../arm-none-eabi/lib/thumb/v7-m/nofp/libg.a(lib_a-strcmp.o)
 .ARM.attributes
                0x0000000000000143       0x2d /home/matt/gcc-arm-none-eabi-10-2020-q4-major/bin/../lib/gcc/arm-none-eabi/10.2.1/../../../../arm-none-eabi/lib/thumb/v7-m/nofp/libg.a(lib_a-strlen-stub.o)
 .ARM.attributes
                0x0000000000000170       0x2d /home/matt/gcc-arm-none-eabi-10-2020-q4-major/bin/../lib/gcc/arm-none-eabi/10.2.1/../../../../arm-none-eabi/lib/thumb/v7-m/nofp/libg.a(lib_a-strpbrk.o)
 .ARM.attributes
                0x000000000000019d       0x2d /home/matt/gcc-arm-none-eabi-10-2020-q4-major/bin/../lib/gcc/arm-none-eabi/10.2.1/../../../../arm-none-eabi/lib/thumb/v7-m/nofp/libg.a(lib_a-strspn.o)

.comment        0x0000000000000000       0x4d
 .comment       0x0000000000000000       0x4d /tmp/esense.elf.yPOSOi.ltrans0.ltrans.o
                                         0x4e (size before relaxing)

.debug_info     0x0000000000000000    0x25ba5
 .debug_info    0x0000000000000000     0xf234 /tmp/esense.elf.yPOSOi.ltrans0.ltrans.o
 .debug_info    0x000000000000f234      0x2c8 /tmp/ccOe2XFs.debug.temp.o
                0x000000000000f234                crt1.c.5af59eb5
 .debug_info    0x000000000000f4fc      0x1c2 /tmp/ccaXVKWx.debug.temp.o
                0x000000000000f4fc                vectors.c.d9adba04
 .debug_info    0x000000000000f6be      0x148 /tmp/ccJOZvuI.debug.temp.o
                0x000000000000f6be                hal.c.c2811f16
 .debug_info    0x000000000000f806      0x87c /tmp/ccngxt2S.debug.temp.o
                0x000000000000f806                hal_buffers.c.3b1f6258
 .debug_info    0x0000000000010082      0x5c2 /tmp/ccuj0wjY.debug.temp.o
                0x0000000000010082                hal_queues.c.49fdfd82
 .debug_info    0x0000000000010644      0xa0e /tmp/ccF3YMR8.debug.temp.o
                0x0000000000010644                hal_i2c.c.e74aaca0
 .debug_info    0x0000000000011052      0xa19 /tmp/ccuVHhqj.debug.temp.o
                0x0000000000011052                hal_serial.c.9f81e274
 .debug_info    0x0000000000011a6b     0x104e /tmp/ccPKoCHo.debug.temp.o
                0x0000000000011a6b                hal_serial_usb.c.a7084ffe
 .debug_info    0x0000000000012ab9      0xb1c /tmp/cca9Y1Yt.debug.temp.o
                0x0000000000012ab9                hal_spi.c.d59926e6
 .debug_info    0x00000000000135d5      0xa68 /tmp/ccJYyCgz.debug.temp.o
                0x00000000000135d5                hal_usb.c.9e2fda13
 .debug_info    0x000000000001403d      0x2c4 /tmp/cc5AniyE.debug.temp.o
                0x000000000001403d                hal_wdg.c.350386b3
 .debug_info    0x0000000000014301      0x430 /tmp/ccLWa1PJ.debug.temp.o
                0x0000000000014301                nvic.c.bbeea1b0
 .debug_info    0x0000000000014731      0x237 /tmp/ccTe0M7O.debug.temp.o
                0x0000000000014731                hal_lld.c.8cc7aa8f
 .debug_info    0x0000000000014968      0x521 /tmp/ccuLnDpU.debug.temp.o
                0x0000000000014968                stm32_dma.c.f4ff1340
 .debug_info    0x0000000000014e89      0x348 /tmp/ccCvWyHZ.debug.temp.o
                0x0000000000014e89                hal_pal_lld.c.4795094d
 .debug_info    0x00000000000151d1      0xdb4 /tmp/ccc31xZ4.debug.temp.o
                0x00000000000151d1                hal_i2c_lld.c.fd2180f0
 .debug_info    0x0000000000015f85      0xa20 /tmp/cc1LKGha.debug.temp.o
                0x0000000000015f85                hal_spi_lld.c.c187da2c
 .debug_info    0x00000000000169a5      0x88f /tmp/ccAd98Rk.debug.temp.o
                0x00000000000169a5                hal_serial_lld.c.3a7b7a02
 .debug_info    0x0000000000017234      0xc5e /tmp/ccywVraq.debug.temp.o
                0x0000000000017234                hal_usb_lld.c.ce553b12
 .debug_info    0x0000000000017e92      0x20a /tmp/ccCADNsv.debug.temp.o
                0x0000000000017e92                hal_wdg_lld.c.f6b984fe
 .debug_info    0x000000000001809c      0x1d3 /tmp/ccS15bLA.debug.temp.o
                0x000000000001809c                board.c.53d2a50f
 .debug_info    0x000000000001826f      0x4c1 /tmp/ccimaD3F.debug.temp.o
                0x000000000001826f                chprintf.c.df54590c
 .debug_info    0x0000000000018730      0x30e /tmp/ccna88lL.debug.temp.o
                0x0000000000018730                memstreams.c.32a94005
 .debug_info    0x0000000000018a3e      0x815 /tmp/ccsSUkXV.debug.temp.o
                0x0000000000018a3e                shell.c.5ce2a825
 .debug_info    0x0000000000019253      0x3ec /tmp/ccP6b0f1.debug.temp.o
                0x0000000000019253                shell_cmd.c.61e8a4e0
 .debug_info    0x000000000001963f      0xea0 /tmp/ccfqhIy6.debug.temp.o
                0x000000000001963f                main.c.957cd040
 .debug_info    0x000000000001a4df     0x1045 /tmp/ccuc6tRb.debug.temp.o
                0x000000000001a4df                max2870.c.ee0f8c33
 .debug_info    0x000000000001b524      0x412 /tmp/ccjsxjah.debug.temp.o
                0x000000000001b524                util.c.23bf1c64
 .debug_info    0x000000000001b936      0xa98 /tmp/ccePodtm.debug.temp.o
                0x000000000001b936                appshell.c.a61c6c7d
 .debug_info    0x000000000001c3ce      0x396 /tmp/ccKlUbMr.debug.temp.o
                0x000000000001c3ce                cmdtasks.c.39530c71
 .debug_info    0x000000000001c764      0xba9 /tmp/ccYH9c5w.debug.temp.o
                0x000000000001c764                cmdmax.c.88276ff7
 .debug_info    0x000000000001d30d      0x22c /tmp/ccapopHH.debug.temp.o
                0x000000000001d30d                cmdsof.c.4f02229e
 .debug_info    0x000000000001d539     0x1b71 /tmp/ccFa5z0M.debug.temp.o
                0x000000000001d539                system.c.9c5895d9
 .debug_info    0x000000000001f0aa      0xfb5 /tmp/ccZu6NjS.debug.temp.o
                0x000000000001f0aa                usb.c.c0be14be
 .debug_info    0x000000000002005f      0xcd4 /tmp/ccS0l5CX.debug.temp.o
                0x000000000002005f                i2csafe.c.18d20cca
 .debug_info    0x0000000000020d33      0x942 /tmp/ccrlApW2.debug.temp.o
                0x0000000000020d33                cmdi2c.c.90bb438f
 .debug_info    0x0000000000021675      0x7eb /tmp/ccChTMf8.debug.temp.o
                0x0000000000021675                mcp9804.c.d580f558
 .debug_info    0x0000000000021e60      0x881 /tmp/ccHTodzd.debug.temp.o
                0x0000000000021e60                cmdtemp.c.5873c7f9
 .debug_info    0x00000000000226e1      0x3aa /tmp/ccqUgJSi.debug.temp.o
                0x00000000000226e1                monitor.c.02e5b8a7
 .debug_info    0x0000000000022a8b      0x255 /tmp/ccqcuico.debug.temp.o
                0x0000000000022a8b                cmdgpio.c.b693006b
 .debug_info    0x0000000000022ce0      0x4cd /tmp/ccezOUvt.debug.temp.o
                0x0000000000022ce0                cmdconvert.c.3814b06b
 .debug_info    0x00000000000231ad      0x343 /tmp/ccVonAPy.debug.temp.o
                0x00000000000231ad                packetqueue.c.ada4a2b1
 .debug_info    0x00000000000234f0      0x536 /tmp/ccfvgj9D.debug.temp.o
                0x00000000000234f0                syslog.c.9a83ad51
 .debug_info    0x0000000000023a26      0x670 /tmp/cc4XJ7sJ.debug.temp.o
                0x0000000000023a26                gpio.c.0022cab0
 .debug_info    0x0000000000024096      0x41f /tmp/ccI7fZMO.debug.temp.o
                0x0000000000024096                dummygpio.c.5f35049d
 .debug_info    0x00000000000244b5      0x5ab /tmp/ccqRUT6T.debug.temp.o
                0x00000000000244b5                cpugpio.c.bef129e8
 .debug_info    0x0000000000024a60       0xf0 /tmp/ccWfDRqZ.debug.temp.o
                0x0000000000024a60                unhandled_exception.c.5ebf6961
 .debug_info    0x0000000000024b50      0x453 /tmp/ccNMcSK4.debug.temp.o
                0x0000000000024b50                converter.c.ab7efdb0
 .debug_info    0x0000000000024fa3      0x2eb /tmp/ccnYGV49.debug.temp.o
                0x0000000000024fa3                converterBypass.c.faee71a9
 .debug_info    0x000000000002528e      0x314 /tmp/ccL0Z1of.debug.temp.o
                0x000000000002528e                converterSW.c.86f4dfc5
 .debug_info    0x00000000000255a2      0x3b9 /tmp/cc6N3aJk.debug.temp.o
                0x00000000000255a2                converterSHF.c.59640037
 .debug_info    0x000000000002595b      0x24a /tmp/cc9S6m3p.debug.temp.o
                0x000000000002595b                cmdsanity.c.322a4837

.debug_abbrev   0x0000000000000000     0x587e
 .debug_abbrev  0x0000000000000000      0x855 /tmp/esense.elf.yPOSOi.ltrans0.ltrans.o
 .debug_abbrev  0x0000000000000855       0xe5 /tmp/ccOe2XFs.debug.temp.o
 .debug_abbrev  0x000000000000093a       0xa8 /tmp/ccaXVKWx.debug.temp.o
 .debug_abbrev  0x00000000000009e2       0xa0 /tmp/ccJOZvuI.debug.temp.o
 .debug_abbrev  0x0000000000000a82      0x1e6 /tmp/ccngxt2S.debug.temp.o
 .debug_abbrev  0x0000000000000c68      0x1d5 /tmp/ccuj0wjY.debug.temp.o
 .debug_abbrev  0x0000000000000e3d      0x22f /tmp/ccF3YMR8.debug.temp.o
 .debug_abbrev  0x000000000000106c      0x259 /tmp/ccuVHhqj.debug.temp.o
 .debug_abbrev  0x00000000000012c5      0x2cd /tmp/ccPKoCHo.debug.temp.o
 .debug_abbrev  0x0000000000001592      0x23a /tmp/cca9Y1Yt.debug.temp.o
 .debug_abbrev  0x00000000000017cc      0x22c /tmp/ccJYyCgz.debug.temp.o
 .debug_abbrev  0x00000000000019f8      0x18d /tmp/cc5AniyE.debug.temp.o
 .debug_abbrev  0x0000000000001b85      0x11c /tmp/ccLWa1PJ.debug.temp.o
 .debug_abbrev  0x0000000000001ca1       0xbc /tmp/ccTe0M7O.debug.temp.o
 .debug_abbrev  0x0000000000001d5d      0x1c0 /tmp/ccuLnDpU.debug.temp.o
 .debug_abbrev  0x0000000000001f1d      0x10f /tmp/ccCvWyHZ.debug.temp.o
 .debug_abbrev  0x000000000000202c      0x296 /tmp/ccc31xZ4.debug.temp.o
 .debug_abbrev  0x00000000000022c2      0x241 /tmp/cc1LKGha.debug.temp.o
 .debug_abbrev  0x0000000000002503      0x1fb /tmp/ccAd98Rk.debug.temp.o
 .debug_abbrev  0x00000000000026fe      0x270 /tmp/ccywVraq.debug.temp.o
 .debug_abbrev  0x000000000000296e      0x12c /tmp/ccCADNsv.debug.temp.o
 .debug_abbrev  0x0000000000002a9a       0xe6 /tmp/ccS15bLA.debug.temp.o
 .debug_abbrev  0x0000000000002b80      0x1a6 /tmp/ccimaD3F.debug.temp.o
 .debug_abbrev  0x0000000000002d26      0x104 /tmp/ccna88lL.debug.temp.o
 .debug_abbrev  0x0000000000002e2a      0x1dd /tmp/ccsSUkXV.debug.temp.o
 .debug_abbrev  0x0000000000003007      0x143 /tmp/ccP6b0f1.debug.temp.o
 .debug_abbrev  0x000000000000314a      0x1f7 /tmp/ccfqhIy6.debug.temp.o
 .debug_abbrev  0x0000000000003341      0x266 /tmp/ccuc6tRb.debug.temp.o
 .debug_abbrev  0x00000000000035a7      0x15a /tmp/ccjsxjah.debug.temp.o
 .debug_abbrev  0x0000000000003701      0x1f6 /tmp/ccePodtm.debug.temp.o
 .debug_abbrev  0x00000000000038f7      0x11f /tmp/ccKlUbMr.debug.temp.o
 .debug_abbrev  0x0000000000003a16      0x1db /tmp/ccYH9c5w.debug.temp.o
 .debug_abbrev  0x0000000000003bf1       0xed /tmp/ccapopHH.debug.temp.o
 .debug_abbrev  0x0000000000003cde      0x279 /tmp/ccFa5z0M.debug.temp.o
 .debug_abbrev  0x0000000000003f57      0x2bb /tmp/ccZu6NjS.debug.temp.o
 .debug_abbrev  0x0000000000004212      0x26c /tmp/ccS0l5CX.debug.temp.o
 .debug_abbrev  0x000000000000447e      0x1df /tmp/ccrlApW2.debug.temp.o
 .debug_abbrev  0x000000000000465d      0x188 /tmp/ccChTMf8.debug.temp.o
 .debug_abbrev  0x00000000000047e5      0x197 /tmp/ccHTodzd.debug.temp.o
 .debug_abbrev  0x000000000000497c      0x121 /tmp/ccqUgJSi.debug.temp.o
 .debug_abbrev  0x0000000000004a9d      0x103 /tmp/ccqcuico.debug.temp.o
 .debug_abbrev  0x0000000000004ba0      0x12b /tmp/ccezOUvt.debug.temp.o
 .debug_abbrev  0x0000000000004ccb       0xe8 /tmp/ccVonAPy.debug.temp.o
 .debug_abbrev  0x0000000000004db3      0x171 /tmp/ccfvgj9D.debug.temp.o
 .debug_abbrev  0x0000000000004f24      0x14b /tmp/cc4XJ7sJ.debug.temp.o
 .debug_abbrev  0x000000000000506f      0x11e /tmp/ccI7fZMO.debug.temp.o
 .debug_abbrev  0x000000000000518d      0x17a /tmp/ccqRUT6T.debug.temp.o
 .debug_abbrev  0x0000000000005307       0x8a /tmp/ccWfDRqZ.debug.temp.o
 .debug_abbrev  0x0000000000005391      0x125 /tmp/ccNMcSK4.debug.temp.o
 .debug_abbrev  0x00000000000054b6       0xd8 /tmp/ccnYGV49.debug.temp.o
 .debug_abbrev  0x000000000000558e       0xeb /tmp/ccL0Z1of.debug.temp.o
 .debug_abbrev  0x0000000000005679       0xfa /tmp/cc6N3aJk.debug.temp.o
 .debug_abbrev  0x0000000000005773      0x10b /tmp/cc9S6m3p.debug.temp.o

.debug_loc      0x0000000000000000     0xf0bb
 .debug_loc     0x0000000000000000     0xf0bb /tmp/esense.elf.yPOSOi.ltrans0.ltrans.o

.debug_aranges  0x0000000000000000      0x780
 .debug_aranges
                0x0000000000000000      0x780 /tmp/esense.elf.yPOSOi.ltrans0.ltrans.o

.debug_ranges   0x0000000000000000     0x3050
 .debug_ranges  0x0000000000000000     0x3050 /tmp/esense.elf.yPOSOi.ltrans0.ltrans.o

.debug_line     0x0000000000000000    0x11116
 .debug_line    0x0000000000000000     0xa4f7 /tmp/esense.elf.yPOSOi.ltrans0.ltrans.o
 .debug_line    0x000000000000a4f7      0x10f /tmp/ccOe2XFs.debug.temp.o
 .debug_line    0x000000000000a606      0x11f /tmp/ccaXVKWx.debug.temp.o
 .debug_line    0x000000000000a725      0x14d /tmp/ccJOZvuI.debug.temp.o
 .debug_line    0x000000000000a872      0x1df /tmp/ccngxt2S.debug.temp.o
 .debug_line    0x000000000000aa51      0x1dd /tmp/ccuj0wjY.debug.temp.o
 .debug_line    0x000000000000ac2e      0x2a9 /tmp/ccF3YMR8.debug.temp.o
 .debug_line    0x000000000000aed7      0x268 /tmp/ccuVHhqj.debug.temp.o
 .debug_line    0x000000000000b13f      0x24d /tmp/ccPKoCHo.debug.temp.o
 .debug_line    0x000000000000b38c      0x2e3 /tmp/cca9Y1Yt.debug.temp.o
 .debug_line    0x000000000000b66f      0x206 /tmp/ccJYyCgz.debug.temp.o
 .debug_line    0x000000000000b875      0x1e5 /tmp/cc5AniyE.debug.temp.o
 .debug_line    0x000000000000ba5a      0x138 /tmp/ccLWa1PJ.debug.temp.o
 .debug_line    0x000000000000bb92      0x1ba /tmp/ccTe0M7O.debug.temp.o
 .debug_line    0x000000000000bd4c      0x1e5 /tmp/ccuLnDpU.debug.temp.o
 .debug_line    0x000000000000bf31      0x15b /tmp/ccCvWyHZ.debug.temp.o
 .debug_line    0x000000000000c08c      0x297 /tmp/ccc31xZ4.debug.temp.o
 .debug_line    0x000000000000c323      0x2d1 /tmp/cc1LKGha.debug.temp.o
 .debug_line    0x000000000000c5f4      0x256 /tmp/ccAd98Rk.debug.temp.o
 .debug_line    0x000000000000c84a      0x21f /tmp/ccywVraq.debug.temp.o
 .debug_line    0x000000000000ca69      0x1e1 /tmp/ccCADNsv.debug.temp.o
 .debug_line    0x000000000000cc4a      0x1de /tmp/ccS15bLA.debug.temp.o
 .debug_line    0x000000000000ce28      0x1d4 /tmp/ccimaD3F.debug.temp.o
 .debug_line    0x000000000000cffc      0x191 /tmp/ccna88lL.debug.temp.o
 .debug_line    0x000000000000d18d      0x1f9 /tmp/ccsSUkXV.debug.temp.o
 .debug_line    0x000000000000d386      0x1c3 /tmp/ccP6b0f1.debug.temp.o
 .debug_line    0x000000000000d549      0x2dd /tmp/ccfqhIy6.debug.temp.o
 .debug_line    0x000000000000d826      0x349 /tmp/ccuc6tRb.debug.temp.o
 .debug_line    0x000000000000db6f      0x1d7 /tmp/ccjsxjah.debug.temp.o
 .debug_line    0x000000000000dd46      0x274 /tmp/ccePodtm.debug.temp.o
 .debug_line    0x000000000000dfba      0x1cc /tmp/ccKlUbMr.debug.temp.o
 .debug_line    0x000000000000e186      0x33a /tmp/ccYH9c5w.debug.temp.o
 .debug_line    0x000000000000e4c0      0x190 /tmp/ccapopHH.debug.temp.o
 .debug_line    0x000000000000e650      0x4e1 /tmp/ccFa5z0M.debug.temp.o
 .debug_line    0x000000000000eb31      0x2b6 /tmp/ccZu6NjS.debug.temp.o
 .debug_line    0x000000000000ede7      0x2cb /tmp/ccS0l5CX.debug.temp.o
 .debug_line    0x000000000000f0b2      0x2cf /tmp/ccrlApW2.debug.temp.o
 .debug_line    0x000000000000f381      0x294 /tmp/ccChTMf8.debug.temp.o
 .debug_line    0x000000000000f615      0x2d0 /tmp/ccHTodzd.debug.temp.o
 .debug_line    0x000000000000f8e5      0x1d7 /tmp/ccqUgJSi.debug.temp.o
 .debug_line    0x000000000000fabc      0x191 /tmp/ccqcuico.debug.temp.o
 .debug_line    0x000000000000fc4d      0x1f6 /tmp/ccezOUvt.debug.temp.o
 .debug_line    0x000000000000fe43      0x106 /tmp/ccVonAPy.debug.temp.o
 .debug_line    0x000000000000ff49      0x251 /tmp/ccfvgj9D.debug.temp.o
 .debug_line    0x000000000001019a      0x1b4 /tmp/cc4XJ7sJ.debug.temp.o
 .debug_line    0x000000000001034e      0x1b9 /tmp/ccI7fZMO.debug.temp.o
 .debug_line    0x0000000000010507      0x25e /tmp/ccqRUT6T.debug.temp.o
 .debug_line    0x0000000000010765       0xf1 /tmp/ccWfDRqZ.debug.temp.o
 .debug_line    0x0000000000010856      0x1dd /tmp/ccNMcSK4.debug.temp.o
 .debug_line    0x0000000000010a33      0x1b8 /tmp/ccnYGV49.debug.temp.o
 .debug_line    0x0000000000010beb      0x1b4 /tmp/ccL0Z1of.debug.temp.o
 .debug_line    0x0000000000010d9f      0x1c7 /tmp/cc6N3aJk.debug.temp.o
 .debug_line    0x0000000000010f66      0x1b0 /tmp/cc9S6m3p.debug.temp.o

.debug_str      0x0000000000000000     0x533d
 .debug_str     0x0000000000000000      0xe38 /tmp/esense.elf.yPOSOi.ltrans0.ltrans.o
                                        0xec4 (size before relaxing)
 .debug_str     0x0000000000000e38      0x3c4 /tmp/ccOe2XFs.debug.temp.o
                                        0x479 (size before relaxing)
 .debug_str     0x00000000000011fc      0x15e /tmp/ccaXVKWx.debug.temp.o
                                        0x316 (size before relaxing)
 .debug_str     0x000000000000135a       0x8c /tmp/ccJOZvuI.debug.temp.o
                                        0x247 (size before relaxing)
 .debug_str     0x00000000000013e6      0x2f7 /tmp/ccngxt2S.debug.temp.o
                                        0x5a3 (size before relaxing)
 .debug_str     0x00000000000016dd      0x108 /tmp/ccuj0wjY.debug.temp.o
                                        0x45c (size before relaxing)
 .debug_str     0x00000000000017e5      0x3ee /tmp/ccF3YMR8.debug.temp.o
                                        0x725 (size before relaxing)
 .debug_str     0x0000000000001bd3      0x1af /tmp/ccuVHhqj.debug.temp.o
                                        0x5f8 (size before relaxing)
 .debug_str     0x0000000000001d82      0x538 /tmp/ccPKoCHo.debug.temp.o
                                        0xa8a (size before relaxing)
 .debug_str     0x00000000000022ba      0x19b /tmp/cca9Y1Yt.debug.temp.o
                                        0x67b (size before relaxing)
 .debug_str     0x0000000000002455      0x179 /tmp/ccJYyCgz.debug.temp.o
                                        0x7e7 (size before relaxing)
 .debug_str     0x00000000000025ce       0x91 /tmp/cc5AniyE.debug.temp.o
                                        0x319 (size before relaxing)
 .debug_str     0x000000000000265f      0x13a /tmp/ccLWa1PJ.debug.temp.o
                                        0x324 (size before relaxing)
 .debug_str     0x0000000000002799       0xe5 /tmp/ccTe0M7O.debug.temp.o
                                        0x2bd (size before relaxing)
 .debug_str     0x000000000000287e      0x11f /tmp/ccuLnDpU.debug.temp.o
                                        0x3fd (size before relaxing)
 .debug_str     0x000000000000299d       0x78 /tmp/ccCvWyHZ.debug.temp.o
                                        0x308 (size before relaxing)
 .debug_str     0x0000000000002a15      0x4e9 /tmp/ccc31xZ4.debug.temp.o
                                        0xbfe (size before relaxing)
 .debug_str     0x0000000000002efe      0x125 /tmp/cc1LKGha.debug.temp.o
                                        0x750 (size before relaxing)
 .debug_str     0x0000000000003023       0xa3 /tmp/ccAd98Rk.debug.temp.o
                                        0x5bc (size before relaxing)
 .debug_str     0x00000000000030c6      0x28e /tmp/ccywVraq.debug.temp.o
                                        0x8b9 (size before relaxing)
 .debug_str     0x0000000000003354       0x73 /tmp/ccCADNsv.debug.temp.o
                                        0x29d (size before relaxing)
 .debug_str     0x00000000000033c7       0x60 /tmp/ccS15bLA.debug.temp.o
                                        0x298 (size before relaxing)
 .debug_str     0x0000000000003427      0x141 /tmp/ccimaD3F.debug.temp.o
                                        0x34c (size before relaxing)
 .debug_str     0x0000000000003568       0x47 /tmp/ccna88lL.debug.temp.o
                                        0x26d (size before relaxing)
 .debug_str     0x00000000000035af      0x1e3 /tmp/ccsSUkXV.debug.temp.o
                                        0x527 (size before relaxing)
 .debug_str     0x0000000000003792       0x86 /tmp/ccP6b0f1.debug.temp.o
                                        0x2fa (size before relaxing)
 .debug_str     0x0000000000003818       0x93 /tmp/ccfqhIy6.debug.temp.o
                                        0x9d2 (size before relaxing)
 .debug_str     0x00000000000038ab      0x50d /tmp/ccuc6tRb.debug.temp.o
                                        0xa79 (size before relaxing)
 .debug_str     0x0000000000003db8       0x9a /tmp/ccjsxjah.debug.temp.o
                                        0x354 (size before relaxing)
 .debug_str     0x0000000000003e52      0x16a /tmp/ccePodtm.debug.temp.o
                                        0x684 (size before relaxing)
 .debug_str     0x0000000000003fbc       0xac /tmp/ccKlUbMr.debug.temp.o
                                        0x3be (size before relaxing)
 .debug_str     0x0000000000004068       0x3c /tmp/ccYH9c5w.debug.temp.o
                                        0x7de (size before relaxing)
 .debug_str     0x00000000000040a4       0x23 /tmp/ccapopHH.debug.temp.o
                                        0x262 (size before relaxing)
 .debug_str     0x00000000000040c7      0x44c /tmp/ccFa5z0M.debug.temp.o
                                       0x1062 (size before relaxing)
 .debug_str     0x0000000000004513      0x1fa /tmp/ccZu6NjS.debug.temp.o
                                        0xb6c (size before relaxing)
 .debug_str     0x000000000000470d      0x2fc /tmp/ccS0l5CX.debug.temp.o
                                        0x96f (size before relaxing)
 .debug_str     0x0000000000004a09       0x63 /tmp/ccrlApW2.debug.temp.o
                                        0x6f2 (size before relaxing)
 .debug_str     0x0000000000004a6c       0x5a /tmp/ccChTMf8.debug.temp.o
                                        0x6f0 (size before relaxing)
 .debug_str     0x0000000000004ac6       0x21 /tmp/ccHTodzd.debug.temp.o
                                        0x62e (size before relaxing)
 .debug_str     0x0000000000004ae7       0xa5 /tmp/ccqUgJSi.debug.temp.o
                                        0x386 (size before relaxing)
 .debug_str     0x0000000000004b8c       0x32 /tmp/ccqcuico.debug.temp.o
                                        0x271 (size before relaxing)
 .debug_str     0x0000000000004bbe       0x3f /tmp/ccezOUvt.debug.temp.o
                                        0x457 (size before relaxing)
 .debug_str     0x0000000000004bfd      0x1bf /tmp/ccVonAPy.debug.temp.o
                                        0x3c5 (size before relaxing)
 .debug_str     0x0000000000004dbc       0xfc /tmp/ccfvgj9D.debug.temp.o
                                        0x446 (size before relaxing)
 .debug_str     0x0000000000004eb8      0x187 /tmp/cc4XJ7sJ.debug.temp.o
                                        0x423 (size before relaxing)
 .debug_str     0x000000000000503f       0x93 /tmp/ccI7fZMO.debug.temp.o
                                        0x355 (size before relaxing)
 .debug_str     0x00000000000050d2       0xbb /tmp/ccqRUT6T.debug.temp.o
                                        0x3f1 (size before relaxing)
 .debug_str     0x000000000000518d       0x54 /tmp/ccWfDRqZ.debug.temp.o
                                        0x223 (size before relaxing)
 .debug_str     0x00000000000051e1       0x58 /tmp/ccNMcSK4.debug.temp.o
                                        0x401 (size before relaxing)
 .debug_str     0x0000000000005239       0x36 /tmp/ccnYGV49.debug.temp.o
                                        0x3be (size before relaxing)